[isaac-slot] [sweep2_record] GPU 槽位被占用 (持有者: pid=498715 role=sweep2_train_Sweep2_ablation_nooffline_wo_conf_seed42_20260903), 排队等待中 ...
[isaac-slot] [sweep2_record] 已获得槽位 (等了 12s)
[INFO][AppLauncher]: Using device: cuda:0
[INFO][AppLauncher]: Loading experience file: /home/msc-auto/MagicSim_IsaacLab/apps/isaaclab.python.headless.rendering.kit
Loading user config located at: '/home/msc-auto/miniconda3/envs/isaac/lib/python3.11/site-packages/isaacsim/kit/data/Kit/Isaac-Sim/5.1/user.config.json'
[Info] [carb] Logging to file: /home/msc-auto/miniconda3/envs/isaac/lib/python3.11/site-packages/isaacsim/kit/logs/Kit/Isaac-Sim/5.1/kit_20260903_161811.log
2026-09-03T23:18:12Z [172ms] [Warning] [carb.windowing-glfw.plugin] GLFW initialization failed.
2026-09-03T23:18:12Z [172ms] [Warning] [carb] Failed to startup plugin carb.windowing-glfw.plugin (interfaces: [carb::windowing::IGLContext v1.0],[carb::windowing::IWindowing v1.5]) (impl: carb.windowing-glfw.plugin)
2026-09-03T23:18:12Z [202ms] [Warning] [omni.platforminfo.plugin] failed to open the default display.  Can't verify X Server version.
2026-09-03T23:18:12Z [209ms] [Warning] [carb.cudainterop.plugin] CUDA_VISIBLE_DEVICES environment variable is set.
2026-09-03T23:18:12Z [209ms] [Warning] [carb.cudainterop.plugin] Note CUDA device enumeration and Omniverse device enumeration are different.
2026-09-03T23:18:12Z [209ms] [Warning] [carb.cudainterop.plugin] Setting CUDA_VISIBLE_DEVICES can lead to undesired behavior or crashes.
2026-09-03T23:18:12Z [464ms] [Warning] [carb.windowing-glfw.plugin] GLFW initialization failed.
2026-09-03T23:18:12Z [464ms] [Warning] [carb] Failed to startup plugin carb.windowing-glfw.plugin (interfaces: [carb::windowing::IGLContext v1.0],[carb::windowing::IWindowing v1.5]) (impl: carb.windowing-glfw.plugin)
2026-09-03T23:18:12Z [599ms] [Warning] [gpu.foundation.plugin] Skipping NVIDIA GPU due CUDA being in bad state: NVIDIA RTX A6000
2026-09-03T23:18:12Z [599ms] [Warning] [gpu.foundation.plugin] Please restart your system if CUDA is known to work in your system.
2026-09-03T23:18:12Z [600ms] [Warning] [gpu.foundation.plugin] Skipping NVIDIA GPU due CUDA being in bad state: NVIDIA RTX A6000
2026-09-03T23:18:12Z [600ms] [Warning] [gpu.foundation.plugin] Please restart your system if CUDA is known to work in your system.

|---------------------------------------------------------------------------------------------|
| Driver Version: 580.173.02    | Graphics API: Vulkan
|=============================================================================================|
| GPU | Name                             | Active | LDA | GPU Memory | Vendor-ID | LUID       |
|     |                                  |        |     |            | Device-ID | UUID       |
|     |                                  |        |     |            | Bus-ID    |            |
|---------------------------------------------------------------------------------------------|
| 0   | NVIDIA RTX A6000                 |        |     | 49386   MB | 10de      | 0          |
|     |                                  |        |     |            | 2230      | 1d992e9e.. |
|     |                                  |        |     |            | 17        |            |
|---------------------------------------------------------------------------------------------|
| 1   | NVIDIA RTX A6000                 | Yes: 0 |     | 49386   MB | 10de      | 0          |
|     |                                  |        |     |            | 2230      | f2ad0deb.. |
|     |                                  |        |     |            | b4        |            |
|=============================================================================================|
| OS: 24.04.4 LTS (Noble Numbat) ubuntu, Version: 24.04.4, Kernel: 6.8.0-137-generic
| Processor: Intel(R) Core(TM) i9-10900X CPU @ 3.70GHz
| Cores: 10 | Logical Cores: 20
|---------------------------------------------------------------------------------------------|
| Total Memory (MB): 257443 | Free Memory: 221582
| Total Page/Swap (MB): 2047 | Free Page/Swap: 0
|---------------------------------------------------------------------------------------------|
2026-09-03T23:18:12Z [973ms] [Warning] [gpu.foundation.plugin] CPU performance profile is set to powersave. This profile sets the CPU to the lowest frequency reducing performance.
2026-09-03T23:18:12Z [984ms] [Warning] [gpu.foundation.plugin] PCIe link width current (8) and maximum (16) for device 1 don't match.
2026-09-03T23:18:12Z [985ms] [Warning] [gpu.foundation.plugin] IOMMU is enabled.
2026-09-03T23:18:12Z [985ms] [Warning] [gpu.foundation.plugin] Detected IOMMU is enabled. Running CUDA peer-to-peer bandwidth and latency validation.
Unidirectional P2P=Enabled Bandwidth (P2P Writes) Matrix (GB/s)
   D\D     0 
     0 675.24 
P2P=Enabled Latency (P2P Writes) Matrix (us)
   GPU     0 
     0   1.64 

   CPU     0 
     0   6.56 
2026-09-03T23:18:13Z [1,800ms] [Warning] [carb.windowing-glfw.plugin] GLFW initialization failed.
2026-09-03T23:18:13Z [1,800ms] [Warning] [carb] Failed to startup plugin carb.windowing-glfw.plugin (interfaces: [carb::windowing::IGLContext v1.0],[carb::windowing::IWindowing v1.5]) (impl: carb.windowing-glfw.plugin)
2026-09-03T23:18:13Z [1,821ms] [Warning] [carb.windowing-glfw.plugin] GLFW initialization failed.
2026-09-03T23:18:13Z [1,821ms] [Warning] [carb] Failed to startup plugin carb.windowing-glfw.plugin (interfaces: [carb::windowing::IGLContext v1.0],[carb::windowing::IWindowing v1.5]) (impl: carb.windowing-glfw.plugin)
2026-09-03T23:18:13Z [1,832ms] [Warning] [carb.windowing-glfw.plugin] GLFW initialization failed.
2026-09-03T23:18:13Z [1,832ms] [Warning] [carb] Failed to startup plugin carb.windowing-glfw.plugin (interfaces: [carb::windowing::IGLContext v1.0],[carb::windowing::IWindowing v1.5]) (impl: carb.windowing-glfw.plugin)
2026-09-03T23:18:13Z [1,843ms] [Warning] [carb.windowing-glfw.plugin] GLFW initialization failed.
2026-09-03T23:18:13Z [1,843ms] [Warning] [carb] Failed to startup plugin carb.windowing-glfw.plugin (interfaces: [carb::windowing::IGLContext v1.0],[carb::windowing::IWindowing v1.5]) (impl: carb.windowing-glfw.plugin)
2026-09-03T23:18:13Z [1,845ms] [Warning] [carb.windowing-glfw.plugin] GLFW initialization failed.
2026-09-03T23:18:13Z [1,845ms] [Warning] [carb] Failed to startup plugin carb.windowing-glfw.plugin (interfaces: [carb::windowing::IGLContext v1.0],[carb::windowing::IWindowing v1.5]) (impl: carb.windowing-glfw.plugin)
2026-09-03T23:18:13Z [1,846ms] [Warning] [carb.windowing-glfw.plugin] GLFW initialization failed.
2026-09-03T23:18:13Z [1,846ms] [Warning] [carb] Failed to startup plugin carb.windowing-glfw.plugin (interfaces: [carb::windowing::IGLContext v1.0],[carb::windowing::IWindowing v1.5]) (impl: carb.windowing-glfw.plugin)
2026-09-03T23:18:14Z [2,068ms] [Warning] [omni.log] Source: omni.hydra was already registered.
2026-09-03T23:18:14Z [2,572ms] [Warning] [carb] Acquiring non optional plugin interface which is not listed as dependency: [omni::physx::IPhysxBenchmarks v1.0] (plugin: <default plugin>), by client: omni.physics.physx.plugin. Add it to CARB_PLUGIN_IMPL_DEPS() macro of a client.
2026-09-03T23:18:14Z [2,622ms] [Warning] [omni.isaac.dynamic_control] omni.isaac.dynamic_control is deprecated as of Isaac Sim 4.5. No action is needed from end-users.
2026-09-03T23:18:18Z [6,344ms] [Warning] [pxr.Semantics] pxr.Semantics is deprecated - please use Semantics instead
2026-09-03T23:18:18Z [6,497ms] [Warning] [omni.graph.core.plugin] Found duplicate of category 'Replicator' - was 'Annotators', adding 'Fabric Reader'
2026-09-03T23:18:18Z [6,497ms] [Warning] [omni.graph.core.plugin] Category 'Replicator' not accepted on node type 'omni.replicator.core.FabricReader' in extension 'omni.replicator.core'
2026-09-03T23:18:18Z [6,498ms] [Warning] [omni.replicator.core.scripts.extension] No material configuration file, adding configuration to material settings directly.
2026-09-03T23:18:20Z [8,635ms] [Warning] [omni.kvdb.plugin] Disabling key-value database because another kit process is locking it
2026-09-03T23:18:23Z [11,475ms] [Warning] [omni.fabric.plugin] Warning: attribute viewportHandle not found for bucket id 7

[cfg] ⚠ 找不到 /home/msc-auto/RL_sweep/data/offline_ik/arm_residual_bound.json, 臂残差界回退到均一 0.88° (先跑 calib_arm_residual.py)
Gym has been unmaintained since 2022 and does not support NumPy 2.0 amongst other critical functionality.
Please upgrade to Gymnasium, the maintained drop-in replacement of Gym, or contact the authors of your software and request that they upgrade.
Users of this version of Gym should be able to simply replace 'import gym' with 'import gymnasium as gym' in the vast majority of cases.
See the migration guide at https://gymnasium.farama.org/introduction/migration_guide/ for additional information.
[aux] 第二物体 object_0(dustpan (15.8x2.9x21.6cm, handle near ground)): 相对主体偏移 [-1.0, 12.4, -6.0]cm (来自 scene_layout)
[aux]   (诊断) layout 内两物体偏航差 -71.7° —— **不**用它做任何补偿: 摆放是纯平移, 且旋转体的 yaw 是任意值
2026-09-03T23:18:24Z [12,969ms] [Warning] [isaaclab.envs.direct_rl_env] Seed not set for the environment. The environment creation may not be deterministic.

[36m======================================================================================[0m
[36m[1m[INFO][IsaacLab]: Logging to file: /tmp/isaaclab/logs/isaaclab_2026-09-03_16-18-24.log[0m
[36m======================================================================================[0m

[33m16:18:24 [simulation_context.py] WARNING: The `enable_external_forces_every_iteration` parameter in the PhysxCfg is set to False. If you are experiencing noisy velocities, consider enabling this flag. You may need to slightly increase the number of velocity iterations (setting it to 1 or 2 rather than 0), together with this flag, to improve the accuracy of velocity updates.[0m
[INFO]: Base environment:
	Environment device    : cuda:0
	Environment seed      : None
	Physics step-size     : 0.004166666666666667
	Rendering step-size   : 0.008333333333333333
	Environment step-size : 0.05
[33m16:18:24 [direct_rl_env.py] WARNING: The render interval (2) is smaller than the decimation (12). Multiple render calls will happen for each environment step.If this is not intended, set the render interval to be equal to the decimation.[0m
[33m16:18:25 [prims.py] WARNING: Could not perform 'modify_rigid_body_properties' on any prims under: '/World/envs/env_0/Object'. This might be because of the following reasons:
	(1) The desired attribute does not exist on any of the prims.
	(2) The desired attribute exists on an instanced prim.
		Discovered list of instanced prim paths: [][0m
[33m16:18:25 [prims.py] WARNING: Could not perform 'modify_collision_properties' on any prims under: '/World/envs/env_0/Object'. This might be because of the following reasons:
	(1) The desired attribute does not exist on any of the prims.
	(2) The desired attribute exists on an instanced prim.
		Discovered list of instanced prim paths: [][0m
[33m16:18:25 [prims.py] WARNING: Could not perform 'modify_mass_properties' on any prims under: '/World/envs/env_0/Object'. This might be because of the following reasons:
	(1) The desired attribute does not exist on any of the prims.
	(2) The desired attribute exists on an instanced prim.
		Discovered list of instanced prim paths: [][0m
[setup] object 刚体化: 1 mesh, mass=0.1kg
[33m16:18:25 [interactive_scene.py] WARNING: Collision filtering can only be automatically enabled when replicate_physics=True and using GPU simulation. Please call scene.filter_collisions(global_prim_paths) to filter collisions across environments.[0m
[setup] 物体材质=/World/Materials/SuperGrip×1 指尖SuperGrip×5 手身LowGrip×1
[aux] 自由第二物体就绪: dustpan (15.8x2.9x21.6cm, handle near ground) mass=0.1kg friction=0.6 (无约束/不豁免碰撞)
[SweepEnv] open pan compound collision: disabled_meshes=1; boxes=5 (includes ramp)
[SweepEnv] physical FixedJoints=2; own-hand collision filters=54
[INFO]: Time taken for scene creation : 0.781615 seconds
[INFO]: Scene manager:  <class InteractiveScene>
	Number of environments: 1
	Environment spacing   : 2.0
	Source prim name      : /World/envs/env_0
	Global prim paths     : []
	Replicate physics     : False
[INFO]: Starting the simulation. This may take a few seconds. Please wait...
[INFO]: Time taken for simulation start : 1.143151 seconds
[INFO]: Completed setting up the environment...
[dexmate] 交互侧=right | 臂 ['R_arm_j1', 'R_arm_j2', 'R_arm_j3', 'R_arm_j4', 'R_arm_j5', 'R_arm_j6', 'R_arm_j7'] | 手 22 关节 | 末端 body=right_hand_C_MC
[smooth] 剔除漂移帧 [11, 12, 13, 14, 15]   物体位置最大修正 2.23 cm
[fp-dbg] sxy=[-0.0557 -0.0451] palm=[-0.0258 -0.138 ] a_off=[ 0.0345 -0.0061  0.0054] dz=0.0000 obj_z=0.8974 rest_q=[ 0.7089 -0.1813  0.6816  0.    ]
[replay_grasp] L=400 PreGrasp帧 gs=1(src 0) 合拢至 ge=31 | 相机锚定 + 物体听手 (质心对准交互帧抓取锚点) 物体原点 xy=(-0.116,-0.177) z=0.897 | 腕 path 平移 xy=7.2cm z=+0.00cm
[debug] hand bodies: [('vega_1p_mobile', 1.0), ('dummy_base_x', 9.999999747378752e-05), ('dummy_base_y', 9.999999747378752e-05), ('vega_1p_base', 88.43486785888672), ('B_base_cam', 0.0030900000128895044), ('F_base_cam', 0.0030900000128895044), ('L_base_cam', 0.0030900000128895044), ('R_base_cam', 0.0030900000128895044), ('vega_1p_back_lidar', 0.004230000078678131), ('vega_1p_front_lidar', 0.1509999930858612), ('vega_1p_torso_l1', 8.832340240478516), ('vega_1p_torso_l2', 14.589259147644043), ('vega_1p_torso_l3', 5.328859806060791), ('arm_center', 1.0), ('vega_1p_L_arm_l1', 1.4135099649429321), ('vega_1p_R_arm_l1', 1.4240100383758545), ('vega_1p_head_l1', 0.43780001997947693), ('L_arm_l2', 1.405940055847168), ('R_arm_l2', 1.4059499502182007), ('vega_1p_head_l2', 0.6077200174331665), ('L_arm_l3', 1.1609400510787964), ('R_arm_l3', 1.1607999801635742), ('vega_1p_head_l3', 0.6327800154685974), ('L_arm_l4', 0.9320400357246399), ('R_arm_l4', 0.9320400357246399), ('zed_left_camera', 1.0), ('zed_depth_frame', 1.0), ('zed_right_camera', 1.0), ('L_arm_l5', 0.6458200216293335), ('R_arm_l5', 0.6458200216293335), ('vega_1p_L_arm_l6', 0.5541999936103821), ('vega_1p_R_arm_l6', 0.5537199974060059), ('L_arm_l7', 0.35802000761032104), ('R_arm_l7', 0.35802000761032104), ('L_arm_l8', 0.2006399929523468), ('R_arm_l8', 0.2006399929523468), ('L_ee', 1.0), ('left_hand_C_MC', 0.650600016117096), ('R_ee', 1.0), ('right_hand_C_MC', 0.650600016117096), ('left_index_MCP_VL', 0.0022100000642240047), ('left_middle_MCP_VL', 0.0022100000642240047), ('left_pinky_MC', 0.12541000545024872), ('left_ring_MCP_VL', 0.0022100000642240047), ('left_thumb_CMC_VL', 0.0024999999441206455), ('Aux', 0.10000000149011612), ('right_index_MCP_VL', 0.0022100000642240047), ('right_middle_MCP_VL', 0.0022100000642240047), ('right_pinky_MC', 0.12541000545024872), ('right_ring_MCP_VL', 0.0022100000642240047), ('right_thumb_CMC_VL', 0.0024999999441206455), ('Object', 0.10000000149011612), ('left_index_PP', 0.04741000011563301), ('left_middle_PP', 0.04741000011563301), ('left_pinky_MCP_VL', 0.0022100000642240047), ('left_ring_PP', 0.04741000011563301), ('left_thumb_MC', 0.13586999475955963), ('right_index_PP', 0.04741000011563301), ('right_middle_PP', 0.04741000011563301), ('right_pinky_MCP_VL', 0.0022100000642240047), ('right_ring_PP', 0.04741000011563301), ('right_thumb_MC', 0.13586999475955963), ('left_index_MP', 0.018239999189972878), ('left_middle_MP', 0.018239999189972878), ('left_pinky_PP', 0.04741000011563301), ('left_ring_MP', 0.018239999189972878), ('left_thumb_MCP_VL', 7.999999797903001e-05), ('right_index_MP', 0.018239999189972878), ('right_middle_MP', 0.018239999189972878), ('right_pinky_PP', 0.04741000011563301), ('right_ring_MP', 0.018239999189972878), ('right_thumb_MCP_VL', 7.999999797903001e-05), ('left_index_DP', 0.004550000187009573), ('left_middle_DP', 0.004550000187009573), ('left_pinky_MP', 0.018239999189972878), ('left_ring_DP', 0.004550000187009573), ('left_thumb_PP', 0.030780000612139702), ('right_index_DP', 0.004550000187009573), ('right_middle_DP', 0.004550000187009573), ('right_pinky_MP', 0.018239999189972878), ('right_ring_DP', 0.004550000187009573), ('right_thumb_PP', 0.030780000612139702), ('left_index_elastomer', 9.999999747378752e-05), ('left_middle_elastomer', 9.999999747378752e-05), ('left_pinky_DP', 0.004550000187009573), ('left_ring_elastomer', 9.999999747378752e-05), ('left_thumb_DP', 0.009879999794065952), ('right_index_elastomer', 9.999999747378752e-05), ('right_middle_elastomer', 9.999999747378752e-05), ('right_pinky_DP', 0.004550000187009573), ('right_ring_elastomer', 9.999999747378752e-05), ('right_thumb_DP', 0.00788000039756298), ('left_index_fingertip', 9.999999974752427e-07), ('left_middle_fingertip', 9.999999974752427e-07), ('left_pinky_elastomer', 9.999999747378752e-05), ('left_ring_fingertip', 9.999999974752427e-07), ('left_thumb_elastomer', 9.999999747378752e-05), ('right_index_fingertip', 9.999999974752427e-07), ('right_middle_fingertip', 9.999999974752427e-07), ('right_pinky_elastomer', 9.999999747378752e-05), ('right_ring_fingertip', 9.999999974752427e-07), ('right_thumb_elastomer', 9.999999747378752e-05), ('left_pinky_fingertip', 9.999999974752427e-07), ('left_thumb_fingertip', 9.999999974752427e-07), ('right_pinky_fingertip', 9.999999974752427e-07), ('right_thumb_fingertip', 9.999999974752427e-07)]
[debug] hand 总质量 142.072 kg
[reward] 手指模仿通道已关 (无 GraspPose, 参考手指不可信); 抓法由 contact/afford/lift 三项决定
[finger] 累积残差: rate ±5.7°/步 | total ±68.8° | decay 1.0
[dexmate] 躯干已在 USD 里锁死 (fixed joint), 无沉降过程
[dexmate] 相机锚定残差: 实测 ZED xy=[-0.5558000206947327, -0.0] vs 标称 [-0.4079, -0.0004] -> 参考整体补移 [-14.79, 0.04]cm  (标称过期了就改 place_camera.ZED_NOMINAL)
[ref质量] 可达帧位置误差: 中位 0.19cm 95分位 0.19cm 最大 0.28cm
[ref质量] 物体漂移帧 6 个 (位置是插值出来的): [15, 16, 17, 18, 19, 20]
[dexmate] 抬升轨迹: 20 级 x 5cm, 末端实际升 5.0cm
[dexmate] place_mode=ref_builder (保留 ref builder 摆放, 平移 [0.0, 0.0, 0.0]) | IK 全程可达 100.0% | 抓取窗[1,31] 100.0% | 位置误差中位 0.19cm | 顶替 0 帧
[pregrasp] 表面法向已采样 (512, 3) (cent 用局部法向, 形状无关)
[collide] 臂连杆 9 个 (['vega_1p_R_arm_l1', 'R_arm_l2', 'R_arm_l3', 'R_arm_l4', 'R_arm_l5', 'vega_1p_R_arm_l6', 'R_arm_l7', 'R_arm_l8', 'R_ee']) | 需避让 16 个 (躯干/头/另一臂)
[collide] 外壳口径臂罚开启: 8 节连杆 × ≤96 表面点 (余量 1cm)
[prior] 零位校准参考数 (静态 FK: 垫->物体表面, 阈值 1.5cm): 不校准 ['4.1', '3.1', '2.4', '1.8', '1.0']cm (1 垫); 校准后 ['4.1', '2.6', '1.8', '1.0', '0.6']cm (2 垫)  ⚠仅供参考, 不作判据 (见下)
[prior] 模板参与指 5/5: ['thumb', 'index', 'middle', 'ring', 'pinky'] (逐指最近接触点 ['2.8', '2.4', '2.3', '2.1', '0.9']cm) | 判据随之: min_pads=4 verify_min_pads=3 cent 归一 /5
[prior] fixed_attached_tools: 保留任务给定的重建物体首帧位姿
[prior] 物体 yaw **钉死** 0° (来自 Gate 1 的 best_yaw, 与视频一致) | 该角 IK err 0.07cm
[finger_gate] 自标定基准 d_g=24.8cm (GraspPose 处腕-物体距离) | 放开 <31.0cm | 冻结 >62.0cm
[prior]   抬升斜坡: 第 4 级实际抬 9.97mm (要求 10mm) | IK 直解失败 0/20 级
[prior] GraspPose 已接入: tasks/pregrasp/priors/Sweep2_broom.npz
[prior]   IK grasp err 0.07cm | pregrasp err 0.33cm | pre->grasp 最大关节差 0.0°
[prior]   臂外壳离桌余量(指令位形估计): 抓握位 +12.2cm | 预抓位 +12.2cm
[approach] 开: 参考 gs=1 (0.1s) | 预算 121 步 | 切换 <3.00cm & <15.0° 保持2步 | 直接抓取起步比例 0.50
[score] 接触分数图已开: 512 个表面点; 只在 verify 斜坡到顶取快照, 按力占比加权
[pregrasp] v2 稳定抓握+微抬升验证: 起点=PreGrasp(帧1) | 合拢参考 0.025/步 | 候选 ≥4垫 向心≥0.3 保持4步 | 验证升 10mm (4级) | episode ≤ 153 步
[SweepEnv] live USD bristle proxy: points=2048 bbox_mm=[[-39.220001220703125, 38.54999923706055], [-57.290000915527344, -50.02000045776367], [20.010000228881836, 89.93000030517578]] contact_root_mm=[26.739999771118164, -56.56999969482422, 53.08000183105469]
2026-09-03T23:18:33Z [21,671ms] [Warning] [omni.physx.tensors.plugin] The RigidBodyView contains non-root articulation links whose transforms cannot be set directly
2026-09-03T23:18:33Z [21,672ms] [Warning] [omni.physx.tensors.plugin] The RigidBodyView contains non-root articulation links whose velocities cannot be set directly
2026-09-03T23:18:33Z [21,672ms] [Warning] [omni.physx.tensors.plugin] The RigidBodyView contains non-root articulation links whose transforms cannot be set directly
2026-09-03T23:18:33Z [21,672ms] [Warning] [omni.physx.tensors.plugin] The RigidBodyView contains non-root articulation links whose velocities cannot be set directly
[SweepEnv] left tool runtime registration mm=[-3.375200033187866, -0.4553000032901764, -2.1226999759674072]
2026-09-03T23:18:34Z [22,776ms] [Warning] [omni.physx.tensors.plugin] The RigidBodyView contains non-root articulation links whose transforms cannot be set directly
2026-09-03T23:18:34Z [22,777ms] [Warning] [omni.physx.tensors.plugin] The RigidBodyView contains non-root articulation links whose velocities cannot be set directly
2026-09-03T23:18:34Z [22,778ms] [Warning] [omni.physx.tensors.plugin] The RigidBodyView contains non-root articulation links whose transforms cannot be set directly
2026-09-03T23:18:34Z [22,778ms] [Warning] [omni.physx.tensors.plugin] The RigidBodyView contains non-root articulation links whose velocities cannot be set directly
[SweepEnv] right tool pose delta mm=[-0.03700000047683716, -0.16580000519752502, 0.4715999960899353]
[SweepEnv] left tool pose delta mm=[0.0, 0.0, 0.0]
[SweepEnv] reset arm audit: actual-vs-reference max=0.031255deg; default-vs-reference max=0.000000deg; commanded-vs-reference max=0.167752deg; q_error_deg=[0.004530000034719706, -0.0006200000061653554, 0.0022100000642240047, -0.012919999659061432, 0.010499999858438969, 0.023930000141263008, -0.014949999749660492, -0.011130000464618206, -0.006690000183880329, -0.03125, 0.006430000066757202, 0.0055599999614059925, 0.016540000215172768, 3.9999998989515007e-05]; applied_torque=[7.142000198364258, -4.47599983215332, 6.934000015258789, -10.739999771118164, 4.021999835968018, 3.309999942779541, -1.7480000257492065, -19.969999313354492, 4.609000205993652, -7.501999855041504, 5.5320000648498535, 2.8570001125335693, 2.311000108718872, 4.631999969482422]; runtime_anchor_T=[[0.8410362, 4e-08, 0.54097885, -0.5836134], [1.2e-07, 1.0, -2.7e-07, -1.9e-07], [-0.54097885, 2.9e-07, 0.8410362, 1.27843428], [0.0, 0.0, 0.0, 1.0]]
[SweepEnv] attachment reset audit=[('right', 0.000501269765663892, 0.0013810679083690047, 2.9802322387695312e-08, 0.0009765625), ('left', 0.0, 0.01469721831381321, 1.4901161193847656e-08, 0.0006905339541845024)]
2026-09-03T23:18:35Z [24,019ms] [Warning] [omni.physx.tensors.plugin] The RigidBodyView contains non-root articulation links whose transforms cannot be set directly
2026-09-03T23:18:35Z [24,019ms] [Warning] [omni.physx.tensors.plugin] The RigidBodyView contains non-root articulation links whose velocities cannot be set directly
2026-09-03T23:18:35Z [24,020ms] [Warning] [omni.physx.tensors.plugin] The RigidBodyView contains non-root articulation links whose transforms cannot be set directly
2026-09-03T23:18:35Z [24,020ms] [Warning] [omni.physx.tensors.plugin] The RigidBodyView contains non-root articulation links whose velocities cannot be set directly
[v3net] separate critic ON (priv 22 raw -> critic; actor embeds first 8)
RunningMeanStd:  (191,)
RunningMeanStd:  (1,)
2026-09-03T23:18:37Z [25,609ms] [Warning] [omni.physx.tensors.plugin] The RigidBodyView contains non-root articulation links whose transforms cannot be set directly
2026-09-03T23:18:37Z [25,610ms] [Warning] [omni.physx.tensors.plugin] The RigidBodyView contains non-root articulation links whose velocities cannot be set directly
2026-09-03T23:18:37Z [25,610ms] [Warning] [omni.physx.tensors.plugin] The RigidBodyView contains non-root articulation links whose transforms cannot be set directly
2026-09-03T23:18:37Z [25,610ms] [Warning] [omni.physx.tensors.plugin] The RigidBodyView contains non-root articulation links whose velocities cannot be set directly
2026-09-03T23:18:39Z [27,904ms] [Warning] [omni.syntheticdata.plugin] OgnSdPostRenderVarToHost : rendervar copy from texture directly to host buffer is counter-performant. Please use copy from texture to device buffer first.
2026-09-03T23:18:59Z [48,036ms] [Warning] [carb] Client gpu.foundation.plugin has acquired [gpu::unstable::IMemoryBudgetManagerFactory v0.1] 100 times. Consider accessing this interface with carb::getCachedInterface() (Performance warning)
[record_sweep] video=/home/msc-auto/RL_sweep/outputs_video/Sweep2AblationNoOfflineWoConf__20260903_policy_0018M/policy.mp4 frames=540 topdown=/home/msc-auto/RL_sweep/outputs_video/Sweep2AblationNoOfflineWoConf__20260903_policy_0018M/topdown_frames top_frames=12 success_step=None terminal_step=539 gates=[1, 1, 0, 0]
