构型文件: grip_cfg_v5.npz
搬运水平方向 (env xy) = [0.7191, -0.6949]  (重建位移方位角 -44.0°)

路点 (env 桌面局部系, 手基座/R_ee 位置):
  P1_接近(物体正上方)              [-0.0312, -0.1145, 1.1217]   离桌  27.17cm
  P2_抓取位(五指张开就位)            [-0.0312, -0.1145, 1.0017]   离桌  15.17cm
  P3_提起10cm                 [-0.0312, -0.1145, 1.1017]   离桌  25.17cm
  P4_水平20cm                 [0.1126, -0.2535, 1.1017]   离桌  25.17cm
  P5_下降10cm(松开)             [0.1126, -0.2535, 1.0017]   离桌  15.17cm
  P6_抬手撤离                   [0.1126, -0.2535, 1.1017]   离桌  25.17cm

松开时物体中心 xy = [0.0932, -0.2223], 离桌 1.5cm (= 抓取时的离桌高度, 自由落体 0.0cm)

锁定 50 个关节 (躯干 45/90/0°, 头 0, 右手=张开构型, 左手=0)

规划关节: ['R_arm_j1', 'R_arm_j2', 'R_arm_j3', 'R_arm_j4', 'R_arm_j5', 'R_arm_j6', 'R_arm_j7', 'L_arm_j1', 'L_arm_j2', 'L_arm_j3', 'L_arm_j4', 'L_arm_j5', 'L_arm_j6', 'L_arm_j7']
工具系: ['R_ee', 'L_ee']
起始站姿(env 默认, deg) = {'R_arm_j1': -45.0, 'R_arm_j2': 0.0, 'R_arm_j3': 0.0, 'R_arm_j4': -90.0, 'R_arm_j5': 0.0, 'R_arm_j6': 0.0, 'R_arm_j7': 0.0, 'L_arm_j1': 45.0, 'L_arm_j2': 0.0, 'L_arm_j3': 0.0, 'L_arm_j4': -90.0, 'L_arm_j5': 0.0, 'L_arm_j6': 0.0, 'L_arm_j7': 0.0}
右手 R_ee 起始 (base系) [0.5546000003814697, -0.22949999570846558, 0.9420999884605408] -> env系 [0.0546, -0.2295, 0.9421]
抓取位右臂关节(deg) = [16.89, -41.42, -76.39, -82.1, -58.78, 76.08, 6.72]
  ✅ P1_接近(物体正上方)                 41 点 /  1.03s   末端误差   0.0 mm
  ✅ P2_下降到抓取位                    40 点 /  1.00s   [关节插值] 末端误差   0.0 mm
  ✅ P3_提起10cm                    40 点 /  1.00s   [直线IK] 末端误差   1.9 mm  沿途IK残差 最大 1.91 mm
  ✅ P4_水平20cm                    80 点 /  2.00s   [直线IK] 末端误差  28.3 mm  沿途IK残差 最大 28.28 mm
     ⚠ 直线中途 IK 残差 >5mm, 这段不是干净的直线
  ✅ P5_下降10cm(松开)                41 点 /  1.03s   [直线IK] 末端误差  31.7 mm  沿途IK残差 最大 31.71 mm
     ⚠ 直线中途 IK 残差 >5mm, 这段不是干净的直线
  ✅ P6_抬手撤离                      40 点 /  1.00s   [直线IK] 末端误差  27.7 mm  沿途IK残差 最大 27.69 mm
     ⚠ 直线中途 IK 残差 >5mm, 这段不是干净的直线
  ✅ P7_回初始位姿                     60 点 /  1.50s   [关节插值回站姿] 末态与初始站姿最大关节差 0.000°

全段成功: 7 段, 共 342 点, 8.55s (dt=25.0ms)
-> /home/lyh/Project/RL_Correction/tools/grasp_design/arm_traj.npz
