  [粗] yaw=    0°  cost=4.6108
  [粗] yaw=   30°  cost=0.7056
  [粗] yaw=   60°  cost=4.6700
  [粗] yaw=   90°  cost=30.2522
  [粗] yaw=  120°  cost=5.0669
  [粗] yaw=  150°  cost=6.7633
  [粗] yaw=  180°  cost=6.5609
  [粗] yaw=  210°  cost=5.2357
  [粗] yaw=  240°  cost=0.7823
  [粗] yaw=  270°  cost=6.5703
  [粗] yaw=  300°  cost=40.1075
  [粗] yaw=  330°  cost=8.0195
  [精] yaw=   30°  0.7056 -> 0.6735
  [精] yaw=  240°  0.7823 -> 0.6699
  [精] yaw=    0°  4.6108 -> 0.6699

==============================================================================
允许最大缺口 120°   最优 cost = 0.6699
手基座 right_hand_C_MC 位置 [-0.0233, -0.028, 0.9781] (离桌 12.81cm)
姿态 wxyz [0.2015, 0.8861, 0.1496, -0.3896]   掌心指向(+z) [-0.63, -0.474, -0.615]

--- 张开 PreGrasp ---  目标半径 5.06cm  目标高度(离桌) 1.52cm
指            垫心半径cm     离桌cm     角向°      法向偏离°
thumb          5.06     1.46    18.4       26.3
index          5.04     1.69   257.9       41.5
middle         5.05     1.49   222.6       18.8
ring           5.04     1.17   206.9       29.9
pinky          5.03     1.25   139.0       44.8
  角向间隔 [120.6, 67.9, 15.7, 35.4, 120.5]°  最小 15.7°  最大 120.6°
  手上最低 link 离桌 +0.99cm (right_pinky_DP)
  夹持力方向最大缺口 120.6° (无摩擦判据: ✅)
  计入摩擦锥 ±26.6° (μ=0.5) 后有效缺口 67.4° (✅ 水平力封闭)

--- 夹紧 Grip ---  目标半径 3.56cm  目标高度(离桌) 1.52cm
指            垫心半径cm     离桌cm     角向°      法向偏离°
thumb          3.52     1.18    26.7       24.5
index          3.65     2.76   263.5       37.0
middle         3.56     1.52   216.2        3.1
ring           3.61     1.65   150.7       37.6
pinky          3.55     1.02   188.0       19.7
  角向间隔 [124.1, 37.3, 28.2, 47.3, 123.2]°  最小 28.2°  最大 124.1°
  手上最低 link 离桌 +1.00cm (right_pinky_fingertip)
  夹持力方向最大缺口 124.1° (无摩擦判据: ✅)
  计入摩擦锥 ±26.6° (μ=0.5) 后有效缺口 71.0° (✅ 水平力封闭)

张开指角(rad) = [1.3982, -0.3491, 0.1738, -0.1752, 1.7453, 0.102, -0.3491, 0.8907, 1.3963, -0.1745, -0.2833, 0.9976, 1.3963, -0.1745, -0.3491, 0.7713, 1.3963, 0.1966, -0.1745, 0.3491, 1.486, 1.1955]
夹紧指角(rad) = [1.6965, -0.3491, 0.2412, 0.3491, 1.4943, 0.1079, -0.3491, 1.3153, 1.3963, -0.0563, -0.1468, 1.2253, 1.3496, -0.1745, 0.3491, 1.7453, 0.7746, 0.2618, 0.061, -0.3491, 0.7422, 1.3963]
