手臂变量关节 ['R_arm_j1', 'R_arm_j2', 'R_arm_j3', 'R_arm_j4', 'R_arm_j5', 'R_arm_j6', 'R_arm_j7']
种子: 22/24 个'掌心朝下悬停'位姿手臂可达
  [粗] yaw=    0° h=0.13 种子IK❌( 1.0cm)  cost=10.4999
  [粗] yaw=    0° h=0.16 种子IK✅( 0.2cm)  cost=2.1498
  [粗] yaw=   30° h=0.13 种子IK✅( 0.1cm)  cost=8.9173
  [粗] yaw=   30° h=0.16 种子IK✅( 0.1cm)  cost=2.2584
  [粗] yaw=   60° h=0.13 种子IK❌(14.0cm)  cost=14.7453
  [粗] yaw=   60° h=0.16 种子IK✅( 0.1cm)  cost=0.9114
  [粗] yaw=   90° h=0.13 种子IK✅( 0.5cm)  cost=10.9649
  [粗] yaw=   90° h=0.16 种子IK✅( 0.9cm)  cost=2.1554
  [粗] yaw=  120° h=0.13 种子IK✅( 0.7cm)  cost=3.6304
  [粗] yaw=  120° h=0.16 种子IK✅( 0.4cm)  cost=1.5083
  [粗] yaw=  150° h=0.13 种子IK✅( 0.9cm)  cost=2.1077
  [粗] yaw=  150° h=0.16 种子IK✅( 0.9cm)  cost=1.7059
  [粗] yaw=  180° h=0.13 种子IK✅( 0.9cm)  cost=17.4023
  [粗] yaw=  180° h=0.16 种子IK✅( 0.4cm)  cost=0.9303
  [粗] yaw=  210° h=0.13 种子IK✅( 0.9cm)  cost=2.4734
  [粗] yaw=  210° h=0.16 种子IK✅( 0.9cm)  cost=0.7872
  [粗] yaw=  240° h=0.13 种子IK✅( 1.0cm)  cost=0.9450
  [粗] yaw=  240° h=0.16 种子IK✅( 0.9cm)  cost=0.6866
  [粗] yaw=  270° h=0.13 种子IK✅( 0.9cm)  cost=1.1282
  [粗] yaw=  270° h=0.16 种子IK✅( 0.9cm)  cost=0.9088
  [粗] yaw=  300° h=0.13 种子IK✅( 0.8cm)  cost=0.9327
  [粗] yaw=  300° h=0.16 种子IK✅( 0.6cm)  cost=0.7400
  [粗] yaw=  330° h=0.13 种子IK✅( 0.8cm)  cost=2.0549
  [粗] yaw=  330° h=0.16 种子IK✅( 0.6cm)  cost=8.9426
  [精] yaw=  240° h=0.16  0.6866 -> 0.6655
  [精] yaw=  300° h=0.16  0.7400 -> 0.7388
  [精] yaw=  210° h=0.16  0.7872 -> 0.7531

==============================================================================
最优 cost = 0.6655   (最大缺口目标 120°)
右臂关节角(deg) = [-5.4, -65.01, -73.93, -127.07, -19.83, -17.54, 26.24]
  顶限位: []
手基座 right_hand_C_MC 位置 [-0.0627, -0.1281, 0.981] (离桌 13.10cm)
姿态 wxyz [0.3493, -0.2926, 0.8618, 0.223]
掌心指向(+z) [0.471, 0.589, -0.657]  与竖直向下夹角 49.0°

--- 张开 PreGrasp ---  目标半径 5.06cm  目标高度(离桌) 1.52cm
指            垫心半径cm     离桌cm     角向°      法向偏离°
thumb          5.06     1.49   221.0       27.7
index          5.05     1.60   100.5       41.8
middle         5.06     1.49    66.5       10.3
ring           4.98     0.85     7.9       17.4
pinky          5.03     1.39   341.7       41.9
  角向间隔 [58.7, 34.0, 120.6, 120.7, 26.2]°  最小 26.2°  最大 120.7°
  手上最低 link 离桌 +0.97cm (right_ring_fingertip)
  夹持力方向最大缺口 120.7° (无摩擦 ✅);  计摩擦锥±26.6° 后 67.5° (✅ 力封闭)

--- 夹紧 Grip ---  目标半径 3.56cm  目标高度(离桌) 1.52cm
指            垫心半径cm     离桌cm     角向°      法向偏离°
thumb          3.54     1.36   217.7       20.8
index          3.91     3.04    96.5       34.6
middle         3.56     1.53    51.7        9.9
ring           3.56     1.28    43.7       14.8
pinky          3.93     1.17   339.5       35.1
  角向间隔 [7.9, 44.8, 121.2, 121.8, 64.3]°  最小 7.9°  最大 121.8°
  手上最低 link 离桌 +1.26cm (right_pinky_fingertip)
  夹持力方向最大缺口 121.8° (无摩擦 ✅);  计摩擦锥±26.6° 后 68.6° (✅ 力封闭)

张开指角(rad) = [1.4845, -0.3491, 0.0989, -0.3477, 1.7453, 0.1591, -0.3491, 1.0567, 1.3963, -0.1745, -0.3473, 1.165, 1.3963, -0.1745, 0.3491, 1.1467, 1.3963, 0.0696, -0.1745, 0.3491, 1.5077, 1.1723]
夹紧指角(rad) = [1.735, -0.3491, 0.1114, 0.3491, 1.6768, -0.0593, -0.3491, 1.7453, 1.0109, -0.1401, 0.0101, 1.5444, 1.0393, -0.0768, -0.3491, 1.1436, 1.3959, 0.2618, -0.1616, 0.3491, 1.7453, 0.6117]
