物体点云 3000 点 (抽稀自 mesh), 用于指腹/指尖判据
手臂变量关节 ['R_arm_j1', 'R_arm_j2', 'R_arm_j3', 'R_arm_j4', 'R_arm_j5', 'R_arm_j6', 'R_arm_j7']
种子: 22/24 个'掌心朝下悬停'位姿手臂可达
  [粗] yaw=    0° h=0.13 种子IK❌( 1.0cm)  cost=21.7494
  [粗] yaw=    0° h=0.16 种子IK✅( 0.2cm)  cost=8.9801
  [粗] yaw=   30° h=0.13 种子IK✅( 0.1cm)  cost=11.2748
  [粗] yaw=   30° h=0.16 种子IK✅( 0.1cm)  cost=4.9980
  [粗] yaw=   60° h=0.13 种子IK❌(14.0cm)  cost=107.9874
  [粗] yaw=   60° h=0.16 种子IK✅( 0.1cm)  cost=5.1834
  [粗] yaw=   90° h=0.13 种子IK✅( 0.5cm)  cost=5.6968
  [粗] yaw=   90° h=0.16 种子IK✅( 0.9cm)  cost=10.0171
  [粗] yaw=  120° h=0.13 种子IK✅( 0.7cm)  cost=16.7173
  [粗] yaw=  120° h=0.16 种子IK✅( 0.4cm)  cost=6.1043
  [粗] yaw=  150° h=0.13 种子IK✅( 0.9cm)  cost=9.9274
  [粗] yaw=  150° h=0.16 种子IK✅( 0.9cm)  cost=5.2352
  [粗] yaw=  180° h=0.13 种子IK✅( 0.9cm)  cost=5.5767
  [粗] yaw=  180° h=0.16 种子IK✅( 0.4cm)  cost=6.5475
  [粗] yaw=  210° h=0.13 种子IK✅( 0.9cm)  cost=5.8430
  [粗] yaw=  210° h=0.16 种子IK✅( 0.9cm)  cost=4.5729
  [粗] yaw=  240° h=0.13 种子IK✅( 1.0cm)  cost=5.8534
  [粗] yaw=  240° h=0.16 种子IK✅( 0.9cm)  cost=5.4447
  [粗] yaw=  270° h=0.13 种子IK✅( 0.9cm)  cost=8.3238
  [粗] yaw=  270° h=0.16 种子IK✅( 0.9cm)  cost=4.4378
  [粗] yaw=  300° h=0.13 种子IK✅( 0.8cm)  cost=5.4114
  [粗] yaw=  300° h=0.16 种子IK✅( 0.6cm)  cost=5.7821
  [粗] yaw=  330° h=0.13 种子IK✅( 0.8cm)  cost=6.2399
  [粗] yaw=  330° h=0.16 种子IK✅( 0.6cm)  cost=5.8574
  [精] yaw=  270° h=0.16  4.4378 -> 4.1941
  [精] yaw=  210° h=0.16  4.5729 -> 3.9397
  [精] yaw=   30° h=0.16  4.9980 -> 4.6729

==============================================================================
最优 cost = 3.9397   (最大缺口目标 120°)
右臂关节角(deg) = [6.25, -44.84, -98.59, -130.64, -73.82, -52.0, 69.17]
  顶限位: []
手基座 right_hand_C_MC 位置 [-0.0972, -0.0584, 0.9951] (离桌 14.51cm)
姿态 wxyz [0.3781, -0.3581, 0.8503, -0.0761]
掌心指向(+z) [0.697, 0.141, -0.703]  与竖直向下夹角 45.4°

--- 张开 PreGrasp ---  目标半径 5.06cm  目标高度(离桌) 1.52cm
指            垫心半径cm     离桌cm     角向°      法向偏离°
thumb          5.01     2.51   204.3       27.7
index          4.92     0.79    80.4       32.4
middle         5.05     1.72    24.0       10.3
ring           5.04     1.58    34.4       18.7
pinky          4.83     3.25   329.6       45.6
  角向间隔 [10.4, 46.0, 123.9, 125.3, 54.4]°  最小 10.4°  最大 125.3°
  手上最低 link 离桌 +0.59cm (right_index_DP)
  指腹d(cm)     [1.35, 1.2, 1.23, 1.24, 1.55]
  指尖d(cm)     [0.86, 0.83, 0.78, 0.81, 1.37]
  用指腹接触的手指 0/5 ⚠ 仍有 5 根是尖端更近
  夹持力方向最大缺口 125.3° (无摩擦 ✅);  计摩擦锥±26.6° 后 72.2° (✅ 力封闭)

--- 夹紧 Grip ---  目标半径 3.56cm  目标高度(离桌) 1.52cm
指            垫心半径cm     离桌cm     角向°      法向偏离°
thumb          3.13     2.88   202.2       17.4
index          3.45     0.58    68.8       30.5
middle         3.58     1.34    45.7        5.1
ring           3.50     1.49    31.8       15.5
pinky          3.60     4.57   335.2       31.5
  角向间隔 [14.0, 23.1, 133.4, 133.0, 56.5]°  最小 14.0°  最大 133.4°
  手上最低 link 离桌 +0.63cm (right_index_fingertip)
  指腹d(cm)     [0.19, 0.01, 0.14, 0.3, 1.95]
  指尖d(cm)     [0.31, 0.18, 0.59, 0.67, 2.06]
  用指腹接触的手指 5/5 ✅ 全是指腹
  夹持力方向最大缺口 133.4° (无摩擦 ✅);  计摩擦锥±26.6° 后 80.2° (✅ 力封闭)

张开指角(rad) = [1.527, -0.3007, -0.0944, -0.0419, 1.619, -0.1485, -0.3148, 1.3416, 1.1556, -0.1215, 0.2562, 0.9355, 1.3838, -0.1631, -0.2893, 0.8271, 1.3963, 0.2612, 0.2008, 0.3491, 0.7485, 1.3926]
夹紧指角(rad) = [1.5492, -0.2125, 0.11, 0.0141, 1.7406, -0.0177, 0.0409, 1.3586, 0.7704, -0.0711, -0.0938, 1.334, 0.9939, 0.0257, -0.2912, 0.9165, 1.2953, 0.2617, 0.0259, 0.331, 1.3437, 1.3145]
