物体点云 3000 点 (抽稀自 mesh), 用于指腹/指尖判据
手臂变量关节 ['R_arm_j1', 'R_arm_j2', 'R_arm_j3', 'R_arm_j4', 'R_arm_j5', 'R_arm_j6', 'R_arm_j7']
种子: 22/24 个'掌心朝下悬停'位姿手臂可达
  [粗] yaw=    0° h=0.13 种子IK❌( 1.0cm)  cost=42.0952
  [粗] yaw=    0° h=0.16 种子IK✅( 0.2cm)  cost=7.6569
  [粗] yaw=   30° h=0.13 种子IK✅( 0.1cm)  cost=9.3400
  [粗] yaw=   30° h=0.16 种子IK✅( 0.1cm)  cost=16.6557
  [粗] yaw=   60° h=0.13 种子IK❌(14.0cm)  cost=107.5271
  [粗] yaw=   60° h=0.16 种子IK✅( 0.1cm)  cost=6.9162
  [粗] yaw=   90° h=0.13 种子IK✅( 0.5cm)  cost=14.8940
  [粗] yaw=   90° h=0.16 种子IK✅( 0.9cm)  cost=33.0041
  [粗] yaw=  120° h=0.13 种子IK✅( 0.7cm)  cost=58.8332
  [粗] yaw=  120° h=0.16 种子IK✅( 0.4cm)  cost=9.0993
  [粗] yaw=  150° h=0.13 种子IK✅( 0.9cm)  cost=44.1447
  [粗] yaw=  150° h=0.16 种子IK✅( 0.9cm)  cost=18.8218
  [粗] yaw=  180° h=0.13 种子IK✅( 0.9cm)  cost=7.3660
  [粗] yaw=  180° h=0.16 种子IK✅( 0.4cm)  cost=8.8740
  [粗] yaw=  210° h=0.13 种子IK✅( 0.9cm)  cost=20.7630
  [粗] yaw=  210° h=0.16 种子IK✅( 0.9cm)  cost=3.7430
  [粗] yaw=  240° h=0.13 种子IK✅( 1.0cm)  cost=6.1809
  [粗] yaw=  240° h=0.16 种子IK✅( 0.9cm)  cost=10.4994
  [粗] yaw=  270° h=0.13 种子IK✅( 0.9cm)  cost=5.3873
  [粗] yaw=  270° h=0.16 种子IK✅( 0.9cm)  cost=9.6798
  [粗] yaw=  300° h=0.13 种子IK✅( 0.8cm)  cost=5.7536
  [粗] yaw=  300° h=0.16 种子IK✅( 0.6cm)  cost=17.0783
  [粗] yaw=  330° h=0.13 种子IK✅( 0.8cm)  cost=3.0562
  [粗] yaw=  330° h=0.16 种子IK✅( 0.6cm)  cost=8.6108
  [精] yaw=  330° h=0.13  3.0562 -> 3.0560
  [精] yaw=  210° h=0.16  3.7430 -> 3.7430
  [精] yaw=  270° h=0.13  5.3873 -> 5.3491

==============================================================================
最优 cost = 3.0560   (最大缺口目标 120°)
右臂关节角(deg) = [16.89, -41.42, -76.39, -82.1, -58.78, 76.08, 6.72]
  顶限位: []
手基座 right_hand_C_MC 位置 [-0.0312, -0.1145, 1.0017] (离桌 15.17cm)
姿态 wxyz [0.1935, -0.8, 0.4707, 0.3177]
掌心指向(+z) [-0.326, 0.609, -0.723]  与竖直向下夹角 43.7°

--- 张开 PreGrasp ---  目标半径 5.06cm  目标高度(离桌) 1.52cm
指            垫心半径cm     离桌cm     角向°      法向偏离°
thumb          0.00     2.76   295.2       28.2
index          5.15     2.34   172.0       37.1
middle         0.42     3.35    59.6       46.7
ring           5.27     1.48   113.1       26.9
pinky          5.22     2.02    97.9       27.3
  角向间隔 [38.3, 15.2, 58.9, 123.2, 124.3]°  最小 15.2°  最大 124.3°
  手上最低 link 离桌 +1.41cm (right_ring_fingertip)
  指腹d(cm)     [1.47, 1.46, 1.48, 1.46, 1.47]
  指尖d(cm)     [1.13, 1.15, 1.78, 1.01, 1.01]
  真实接触 0/5 (垫心<0.92cm);  其中用指腹的 0/5 ⚠
  夹持力方向最大缺口 124.3° (无摩擦 ✅);  计摩擦锥±26.6° 后 71.2° (✅ 力封闭)

--- 夹紧 Grip ---  目标半径 3.56cm  目标高度(离桌) 1.52cm
指            垫心半径cm     离桌cm     角向°      法向偏离°
thumb          1.18     2.74   296.3       13.5
index          2.73     0.76   126.3       17.7
middle         2.97     2.18   161.8       28.6
ring           3.32     3.16    72.2       29.7
pinky          3.18     1.84   109.2       15.0
  角向间隔 [37.0, 17.1, 35.5, 134.6, 135.9]°  最小 17.1°  最大 135.9°
  手上最低 link 离桌 +0.79cm (right_index_fingertip)
  指腹d(cm)     [0.51, 0.44, 0.46, 0.54, 0.54]
  指尖d(cm)     [1.02, 0.48, 0.47, 0.61, 0.85]
  真实接触 5/5 (垫心<0.92cm);  其中用指腹的 5/5 ✅
  **只计真实接触点**: 角向 [72.2, 109.2, 126.3, 161.8, 296.3]°  最大缺口 135.9° (无摩擦 ✅; 计摩擦锥后 82.7° ✅)
  夹持力方向最大缺口 135.9° (无摩擦 ✅);  计摩擦锥±26.6° 后 82.7° (✅ 力封闭)

张开指角(rad) = [1.5602, 0.1185, 0.2431, -0.0611, 1.3355, -0.0962, -0.3479, 1.1845, 1.3577, 0.3012, 0.3491, 1.6209, 0.7678, -0.1621, -0.1348, 0.6673, 1.3907, 0.2618, -0.1718, -0.1738, 0.6811, 1.3787]
夹紧指角(rad) = [1.8241, -0.1042, 0.236, 0.3465, 1.3227, 0.2569, 0.3489, 0.5517, 1.3489, 0.043, -0.3491, 1.3165, 1.1014, -0.1464, 0.3491, 1.5018, 1.1182, 0.2446, 0.1019, -0.3293, 0.6387, 1.3727]
