SDF 查表 (180, 220)  (>0=物体内部)  范围 [-7.76, 1.18]cm
外表面半径随高度: 最大 3.80cm  (有材料的高度层 52/220)
手臂变量关节 ['R_arm_j1', 'R_arm_j2', 'R_arm_j3', 'R_arm_j4', 'R_arm_j5', 'R_arm_j6', 'R_arm_j7']
指骨 DP 网格采样 60 点 (判 胶垫 vs 指骨 谁先碰物体)
种子: 22/24 个'掌心朝下悬停'位姿手臂可达
  [粗] yaw=    0° h=0.13 种子IK❌( 1.0cm)  cost=114.7423
  [粗] yaw=    0° h=0.16 种子IK✅( 0.2cm)  cost=30.9968
  [粗] yaw=   30° h=0.13 种子IK✅( 0.1cm)  cost=23.8215
  [粗] yaw=   30° h=0.16 种子IK✅( 0.1cm)  cost=39.4948
  [粗] yaw=   60° h=0.13 种子IK❌(14.0cm)  cost=73.9334
  [粗] yaw=   60° h=0.16 种子IK✅( 0.1cm)  cost=29.4379
  [粗] yaw=   90° h=0.13 种子IK✅( 0.5cm)  cost=99.8207
  [粗] yaw=   90° h=0.16 种子IK✅( 0.9cm)  cost=48.3198
  [粗] yaw=  120° h=0.13 种子IK✅( 0.7cm)  cost=52.2656
  [粗] yaw=  120° h=0.16 种子IK✅( 0.4cm)  cost=104.3147
  [粗] yaw=  150° h=0.13 种子IK✅( 0.9cm)  cost=46.8835
  [粗] yaw=  150° h=0.16 种子IK✅( 0.9cm)  cost=110.4337
  [粗] yaw=  180° h=0.13 种子IK✅( 0.9cm)  cost=70.2589
  [粗] yaw=  180° h=0.16 种子IK✅( 0.4cm)  cost=30.2099
  [粗] yaw=  210° h=0.13 种子IK✅( 0.9cm)  cost=37.6775
  [粗] yaw=  210° h=0.16 种子IK✅( 0.9cm)  cost=32.5415
  [粗] yaw=  240° h=0.13 种子IK✅( 1.0cm)  cost=29.9549
  [粗] yaw=  240° h=0.16 种子IK✅( 0.9cm)  cost=59.7649
  [粗] yaw=  270° h=0.13 种子IK✅( 0.9cm)  cost=34.3486
  [粗] yaw=  270° h=0.16 种子IK✅( 0.9cm)  cost=35.7539
  [粗] yaw=  300° h=0.13 种子IK✅( 0.8cm)  cost=29.4780
  [粗] yaw=  300° h=0.16 种子IK✅( 0.6cm)  cost=38.9002
  [粗] yaw=  330° h=0.13 种子IK✅( 0.8cm)  cost=40.1100
  [粗] yaw=  330° h=0.16 种子IK✅( 0.6cm)  cost=89.7818
  [精] yaw=   30° h=0.13  23.8215 -> 23.8215
  [精] yaw=   60° h=0.16  29.4379 -> 28.8784
  [精] yaw=  300° h=0.13  29.4780 -> 29.4780

==============================================================================
最优 cost = 23.8215   (最大缺口目标 120°)
右臂关节角(deg) = [53.37, -35.13, -123.22, -104.72, -111.78, 44.85, -47.11]
  顶限位: []
手基座 right_hand_C_MC 位置 [-0.0631, -0.1032, 1.0216] (离桌 17.16cm)
姿态 wxyz [0.128, -0.9637, 0.0296, 0.2323]
掌心指向(+z) [-0.44, 0.261, -0.859]  与竖直向下夹角 30.8°

--- 张开 PreGrasp ---  目标半径 5.06cm  目标高度(离桌) 1.52cm
指            垫心半径cm        该高度外半径cm     离桌cm     角向°      法向偏离°
thumb          0.79            0.00     2.82   327.0       54.3
index          3.65            3.05     0.33   205.4       31.1
middle         4.30            3.15     0.38   133.5       55.1
ring           4.68            3.35     0.55   130.0       57.7
pinky          4.98            3.80     1.37    97.6       77.8
  每指径向间隙(垫心-外壁)cm             [nan, 0.6, 1.15, 1.33, 1.18]
  五指环抱外壁 4/5 ❌ thumb 不在外壁上
  角向间隔 [32.5, 3.5, 71.9, 121.6, 130.5]°  最小 3.5°  最大 130.5°
  手上最低 link 离桌 +0.47cm (right_index_fingertip)
  胶垫接触面 有符号d(cm, 正=压入)          [-0.86, -0.32, -0.77, -1.05, -1.17]
  指骨最深 有符号d(cm)                 [-0.16, -0.64, -1.1, -1.32, -1.06]
  指骨穿模 0/5 ✅ 无;  胶垫真接触 0/5;  胶垫先于指骨 3/5 ❌
  夹持力方向最大缺口 130.5° (无摩擦 ✅);  计摩擦锥±26.6° 后 77.4° (✅ 力封闭)

--- 夹紧 Grip ---  目标半径 3.56cm  目标高度(离桌) 1.52cm
指            垫心半径cm        该高度外半径cm     离桌cm     角向°      法向偏离°
thumb          0.55            0.00     2.84   321.6       47.5
index          3.69            3.65     0.94   186.9       18.8
middle         2.89            3.25     0.47   161.3       23.4
ring           3.77            3.75     2.04   133.1       41.5
pinky          3.73            3.80     1.50   148.9       31.7
  每指径向间隙(垫心-外壁)cm             [nan, 0.04, -0.36, 0.02, -0.07]
  五指环抱外壁 3/5 ❌ thumb, middle 不在外壁上
  角向间隔 [15.8, 12.5, 25.6, 134.6, 171.5]°  最小 12.5°  最大 171.5°
  手上最低 link 离桌 +0.61cm (right_middle_fingertip)
  胶垫接触面 有符号d(cm, 正=压入)          [-1.07, 0.01, 0.11, -0.01, 0.03]
  指骨最深 有符号d(cm)                 [-0.26, -0.32, -0.27, 0.02, -0.22]
  指骨穿模 1/5 ❌ 指骨戳进物体了;  胶垫真接触 4/5;  胶垫先于指骨 3/5 ❌
  **只计真实接触点** 角向 [133.1, 148.9, 161.3, 186.9]°  最大缺口 306.1° (无摩擦 ❌; 计摩擦锥后 253.0° ❌)
  夹持力方向最大缺口 171.5° (无摩擦 ✅);  计摩擦锥±26.6° 后 118.4° (✅ 力封闭)

张开指角(rad) = [1.2609, -0.0178, 0.4842, -0.1172, 0.4926, 0.101, -0.1114, 0.8903, 0.8045, 0.2535, 0.2255, 0.5826, 0.7252, 0.2426, 0.033, 0.4754, 0.7935, 0.2136, 0.4639, 0.1505, 0.4435, 0.5719]
夹紧指角(rad) = [1.2313, 0.0436, 0.394, -0.18, 0.6334, -0.0427, 0.0822, 1.0776, 0.7603, 0.1984, -0.0357, 0.8359, 0.7124, 0.1038, -0.0205, 0.8548, 1.0263, 0.2149, 0.1656, -0.2899, 0.607, 0.8194]
