SDF 查表 (180, 220)  (>0=物体内部)  范围 [-7.76, 1.18]cm
外表面半径随高度: 最大 3.80cm  (有材料的高度层 52/220)
手臂变量关节 ['R_arm_j1', 'R_arm_j2', 'R_arm_j3', 'R_arm_j4', 'R_arm_j5', 'R_arm_j6', 'R_arm_j7']
种子: 22/24 个'掌心朝下悬停'位姿手臂可达
  [粗] yaw=    0° h=0.13 种子IK❌( 1.0cm)  cost=159.1543
  [粗] yaw=    0° h=0.16 种子IK✅( 0.2cm)  cost=36.2970
  [粗] yaw=   30° h=0.13 种子IK✅( 0.1cm)  cost=35.1514
  [粗] yaw=   30° h=0.16 种子IK✅( 0.1cm)  cost=29.3678
  [粗] yaw=   60° h=0.13 种子IK❌(14.0cm)  cost=171.7477
  [粗] yaw=   60° h=0.16 种子IK✅( 0.1cm)  cost=16.7577
  [粗] yaw=   90° h=0.13 种子IK✅( 0.5cm)  cost=24.4291
  [粗] yaw=   90° h=0.16 种子IK✅( 0.9cm)  cost=36.2539
  [粗] yaw=  120° h=0.13 种子IK✅( 0.7cm)  cost=24.1555
  [粗] yaw=  120° h=0.16 种子IK✅( 0.4cm)  cost=14.2880
  [粗] yaw=  150° h=0.13 种子IK✅( 0.9cm)  cost=79.9232
  [粗] yaw=  150° h=0.16 种子IK✅( 0.9cm)  cost=32.7564
  [粗] yaw=  180° h=0.13 种子IK✅( 0.9cm)  cost=23.6494
  [粗] yaw=  180° h=0.16 种子IK✅( 0.4cm)  cost=15.9675
  [粗] yaw=  210° h=0.13 种子IK✅( 0.9cm)  cost=26.8694
  [粗] yaw=  210° h=0.16 种子IK✅( 0.9cm)  cost=29.3846
  [粗] yaw=  240° h=0.13 种子IK✅( 1.0cm)  cost=30.7978
  [粗] yaw=  240° h=0.16 种子IK✅( 0.9cm)  cost=12.9813
  [粗] yaw=  270° h=0.13 种子IK✅( 0.9cm)  cost=13.6379
  [粗] yaw=  270° h=0.16 种子IK✅( 0.9cm)  cost=59.0472
  [粗] yaw=  300° h=0.13 种子IK✅( 0.8cm)  cost=22.1898
  [粗] yaw=  300° h=0.16 种子IK✅( 0.6cm)  cost=42.3517
  [粗] yaw=  330° h=0.13 种子IK✅( 0.8cm)  cost=130.0715
  [粗] yaw=  330° h=0.16 种子IK✅( 0.6cm)  cost=22.2055
  [精] yaw=  240° h=0.16  12.9813 -> 12.9812
  [精] yaw=  270° h=0.13  13.6379 -> 13.6379
  [精] yaw=  120° h=0.16  14.2880 -> 14.2880

==============================================================================
最优 cost = 12.9812   (最大缺口目标 120°)
右臂关节角(deg) = [12.61, -52.88, -89.13, -128.46, -42.04, -18.27, 55.18]
  顶限位: []
手基座 right_hand_C_MC 位置 [-0.0681, -0.0654, 1.0117] (离桌 16.17cm)
姿态 wxyz [0.2863, -0.5056, 0.8127, 0.0432]
掌心指向(+z) [0.422, 0.36, -0.832]  与竖直向下夹角 33.7°

--- 张开 PreGrasp ---  目标半径 5.06cm  目标高度(离桌) 1.52cm
指            垫心半径cm        该高度外半径cm     离桌cm     角向°      法向偏离°
thumb          0.94            0.00     2.82   216.7       40.0
index          5.15            3.70     1.05    87.9       29.8
middle         4.67            3.40     0.61    30.2       34.2
ring           5.13            3.60     0.78    44.7       24.4
pinky          1.06            0.00     2.89   347.3       60.5
  每指径向间隙(垫心-外壁)cm             [nan, 1.45, 1.27, 1.53, nan]
  五指环抱外壁 3/5 ❌ thumb, pinky 不在外壁上
  角向间隔 [14.5, 43.2, 128.7, 130.6, 42.9]°  最小 14.5°  最大 130.6°
  手上最低 link 离桌 +0.62cm (right_middle_fingertip)
  垫心 有符号d(cm, 正=陷入)         [-0.75, -1.37, -1.02, -1.4, -0.7]
  指尖 有符号d(cm)               [-1.04, -1.0, -0.63, -0.98, -0.92]
  穿模(垫心在内部) 0/5 ✅ 无;  真实接触 2/5;  指腹先于指尖 2/5
  **只计真实接触点** 角向 [216.7, 347.3]°  最大缺口 229.4° (无摩擦 ❌; 计摩擦锥后 176.2° ✅)
  夹持力方向最大缺口 130.6° (无摩擦 ✅);  计摩擦锥±26.6° 后 77.5° (✅ 力封闭)

--- 夹紧 Grip ---  目标半径 3.56cm  目标高度(离桌) 1.52cm
指            垫心半径cm        该高度外半径cm     离桌cm     角向°      法向偏离°
thumb          0.62            0.00     2.82   223.3       31.4
index          3.86            3.55     0.75    72.2       16.4
middle         3.80            3.40     0.62    92.1       25.6
ring           3.86            3.50     0.71    56.3       16.6
pinky          2.60            3.05     2.74     9.2       41.1
  每指径向间隙(垫心-外壁)cm             [nan, 0.31, 0.4, 0.36, -0.45]
  五指环抱外壁 3/5 ❌ thumb, pinky 不在外壁上
  角向间隔 [47.1, 15.9, 19.8, 131.3, 145.8]°  最小 15.9°  最大 145.8°
  手上最低 link 离桌 +0.72cm (right_middle_fingertip)
  垫心 有符号d(cm, 正=陷入)         [-1.0, -0.22, -0.23, -0.23, 0.03]
  指尖 有符号d(cm)               [-1.3, 0.06, 0.04, 0.04, -0.17]
  穿模(垫心在内部) 1/5 ❌;  真实接触 4/5;  指腹先于指尖 2/5
  **只计真实接触点** 角向 [9.2, 56.3, 72.2, 92.1]°  最大缺口 277.1° (无摩擦 ❌; 计摩擦锥后 224.0° ❌)
  夹持力方向最大缺口 145.8° (无摩擦 ✅);  计摩擦锥±26.6° 后 92.7° (✅ 力封闭)

张开指角(rad) = [1.3568, -0.0885, 0.4619, -0.1639, 0.7946, -0.0141, -0.056, 1.0238, 1.2978, 0.2544, 0.3094, 0.6142, 1.0215, 0.0486, -0.1082, 0.7036, 1.115, 0.2618, 0.608, -0.146, 0.871, 0.7877]
夹紧指角(rad) = [1.5762, 0.05, -0.0889, -0.1136, 1.288, 0.0942, 0.2117, 1.0275, 0.8684, 0.2068, -0.349, 1.001, 0.8607, 0.1518, -0.2737, 0.7933, 0.9265, 0.2384, 0.3701, -0.0723, 0.9279, 1.038]
