[INFO][AppLauncher]: Using device: cuda:0
[INFO][AppLauncher]: Loading experience file: /home/lyh/luhr/MagicSim/Third_Party/IsaacLab/apps/isaaclab.python.headless.kit
Loading user config located at: '/home/lyh/luhr/MagicSim/.venv/lib/python3.11/site-packages/isaacsim/kit/data/Kit/Isaac-Sim/5.1/user.config.json'
[Info] [carb] Logging to file: /home/lyh/luhr/MagicSim/.venv/lib/python3.11/site-packages/isaacsim/kit/logs/Kit/Isaac-Sim/5.1/kit_20260906_183054.log
2026-09-07T01:30:54Z [51ms] [Warning] [omni.usd_config.extension] Enable omni.materialx.libs extension to use MaterialX
2026-09-07T01:30:55Z [324ms] [Warning] [carb] Acquiring non optional plugin interface which is not listed as dependency: [omni::physx::IPhysxBenchmarks v1.0] (plugin: <default plugin>), by client: omni.physics.physx.plugin. Add it to CARB_PLUGIN_IMPL_DEPS() macro of a client.
2026-09-07T01:30:55Z [329ms] [Warning] [omni.isaac.dynamic_control] omni.isaac.dynamic_control is deprecated as of Isaac Sim 4.5. No action is needed from end-users.
2026-09-07T01:30:57Z [2,311ms] [Warning] [gpu.foundation.plugin] Skipping unsupported non-NVIDIA GPU: Intel(R) Graphics (RPL-S)
2026-09-07T01:30:57Z [2,311ms] [Warning] [gpu.foundation.plugin] Skipping unsupported non-NVIDIA GPU: Intel(R) Graphics (RPL-S)

|---------------------------------------------------------------------------------------------|
| Driver Version: 580.173.02    | Graphics API: Vulkan
|=============================================================================================|
| GPU | Name                             | Active | LDA | GPU Memory | Vendor-ID | LUID       |
|     |                                  |        |     |            | Device-ID | UUID       |
|     |                                  |        |     |            | Bus-ID    |            |
|---------------------------------------------------------------------------------------------|
| 0   | NVIDIA GeForce RTX 4080 SUPER    | Yes: 0 |     | 16376   MB | 10de      | 0          |
|     |                                  |        |     |            | 2702      | 9f238459.. |
|     |                                  |        |     |            | 1         |            |
|---------------------------------------------------------------------------------------------|
| 1   | Intel(R) Graphics (RPL-S)        |        |     | 23916   MB | 8086      | 0          |
|     |                                  |        |     |            | a780      | 868080a7.. |
|     |                                  |        |     |            | 0         |            |
|=============================================================================================|
| OS: 24.04.4 LTS (Noble Numbat) ubuntu, Version: 24.04.4, Kernel: 7.0.0-31-generic
| XServer Vendor: The X.Org Foundation, XServer Version: 12302006 (1.23.2.6)
| Processor: Intel(R) Core(TM) i7-14700K
| Bare Metal Cores: 20 | Bare Metal Logical Cores: 40
| Available Cores:  28 
|---------------------------------------------------------------------------------------------|
| Total Memory (MB): 31889 | Free Memory: 22802
| Total Page/Swap (MB): 32767 | Free Page/Swap: 32767
|---------------------------------------------------------------------------------------------|
2026-09-07T01:30:57Z [2,494ms] [Warning] [gpu.foundation.plugin] CPU performance profile is set to powersave. This profile sets the CPU to the lowest frequency reducing performance.
[aux] 第二物体 object_0(pour31 cup (9x9x14cm)): 相对主体偏移 [-1.7, 15.7, -1.9]cm (来自 scene_layout)
[aux]   (诊断) layout 内两物体偏航差 -0.0° —— **不**用它做任何补偿: 摆放是纯平移, 且旋转体的 yaw 是任意值
2026-09-07T01:30:57Z [2,728ms] [Warning] [isaaclab.envs.direct_rl_env] Seed not set for the environment. The environment creation may not be deterministic.

[36m======================================================================================[0m
[36m[1m[INFO][IsaacLab]: Logging to file: /tmp/isaaclab/logs/isaaclab_2026-09-06_18-30-57.log[0m
[36m======================================================================================[0m

[33m18:30:57 [simulation_context.py] WARNING: The `enable_external_forces_every_iteration` parameter in the PhysxCfg is set to False. If you are experiencing noisy velocities, consider enabling this flag. You may need to slightly increase the number of velocity iterations (setting it to 1 or 2 rather than 0), together with this flag, to improve the accuracy of velocity updates.[0m
[INFO]: Base environment:
	Environment device    : cuda:0
	Environment seed      : None
	Physics step-size     : 0.004166666666666667
	Rendering step-size   : 0.008333333333333333
	Environment step-size : 0.05
[33m18:30:57 [direct_rl_env.py] WARNING: The render interval (2) is smaller than the decimation (12). Multiple render calls will happen for each environment step.If this is not intended, set the render interval to be equal to the decimation.[0m
[setup] object 刚体化: 1 mesh, mass=0.1kg
[33m18:30:58 [interactive_scene.py] WARNING: Collision filtering can only be automatically enabled when replicate_physics=True and using GPU simulation. Please call scene.filter_collisions(global_prim_paths) to filter collisions across environments.[0m
[setup] 物体材质=/World/Materials/SuperGrip×1 指尖SuperGrip×5 手身LowGrip×1
[aux] 自由第二物体就绪: pour31 cup (9x9x14cm) mass=0.1kg friction=0.5 (无约束/不豁免碰撞)
[INFO]: Time taken for scene creation : 0.720724 seconds
[INFO]: Scene manager:  <class InteractiveScene>
	Number of environments: 1
	Environment spacing   : 2.0
	Source prim name      : /World/envs/env_0
	Global prim paths     : []
	Replicate physics     : False
[INFO]: Starting the simulation. This may take a few seconds. Please wait...
[INFO]: Time taken for simulation start : 0.512732 seconds
[INFO]: Completed setting up the environment...
[phys] 难度覆写 物体: 质量=0.100kg 摩擦=5.00/5.00
[phys] 指垫摩擦覆写 = 5.0
[dexmate] 交互侧=right | 臂 ['R_arm_j1', 'R_arm_j2', 'R_arm_j3', 'R_arm_j4', 'R_arm_j5', 'R_arm_j6', 'R_arm_j7'] | 手 22 关节 | 末端 body=right_hand_C_MC
[replay_grasp] gs 改用**物体运动起始** f16 (接触标注起点 f7, 晚 9 帧) —— 标注早于真正抓稳, 见本函数注释
[smooth] 剔除漂移帧 [48, 49, 62, 63]   物体位置最大修正 0.87 cm
[fp-dbg] sxy=[-0.034  -0.0224] palm=[ 0.0358 -0.152 ] a_off=[-0.      0.0008 -0.0077] dz=0.0189 obj_z=0.9601 rest_q=[ 7.072e-01 -7.070e-01  1.000e-04  0.000e+00]
[replay_grasp] L=145 PreGrasp帧 gs=21(src 16) 合拢至 ge=51 | 相机锚定 + 物体听手 (质心对准交互帧抓取锚点) 物体原点 xy=(0.002,-0.175) z=0.960 | 腕 path 平移 xy=4.1cm z=+1.89cm
[debug] hand bodies: [('vega_1p_mobile', 1.0), ('dummy_base_x', 9.999999747378752e-05), ('dummy_base_y', 9.999999747378752e-05), ('vega_1p_base', 88.43486785888672), ('B_base_cam', 0.0030900000128895044), ('F_base_cam', 0.0030900000128895044), ('L_base_cam', 0.0030900000128895044), ('R_base_cam', 0.0030900000128895044), ('vega_1p_back_lidar', 0.004230000078678131), ('vega_1p_front_lidar', 0.1509999930858612), ('vega_1p_torso_l1', 8.832340240478516), ('vega_1p_torso_l2', 14.589259147644043), ('vega_1p_torso_l3', 5.328859806060791), ('arm_center', 1.0), ('vega_1p_L_arm_l1', 1.4135099649429321), ('vega_1p_R_arm_l1', 1.4240100383758545), ('vega_1p_head_l1', 0.43780001997947693), ('L_arm_l2', 1.405940055847168), ('R_arm_l2', 1.4059499502182007), ('vega_1p_head_l2', 0.6077200174331665), ('L_arm_l3', 1.1609400510787964), ('R_arm_l3', 1.1607999801635742), ('vega_1p_head_l3', 0.6327800154685974), ('L_arm_l4', 0.9320400357246399), ('R_arm_l4', 0.9320400357246399), ('zed_left_camera', 1.0), ('zed_depth_frame', 1.0), ('zed_right_camera', 1.0), ('L_arm_l5', 0.6458200216293335), ('R_arm_l5', 0.6458200216293335), ('vega_1p_L_arm_l6', 0.5541999936103821), ('vega_1p_R_arm_l6', 0.5537199974060059), ('L_arm_l7', 0.35802000761032104), ('R_arm_l7', 0.35802000761032104), ('L_arm_l8', 0.2006399929523468), ('R_arm_l8', 0.2006399929523468), ('L_ee', 1.0), ('left_hand_C_MC', 0.650600016117096), ('R_ee', 1.0), ('right_hand_C_MC', 0.650600016117096), ('left_index_MCP_VL', 0.0022100000642240047), ('left_middle_MCP_VL', 0.0022100000642240047), ('left_pinky_MC', 0.12541000545024872), ('left_ring_MCP_VL', 0.0022100000642240047), ('left_thumb_CMC_VL', 0.0024999999441206455), ('right_index_MCP_VL', 0.0022100000642240047), ('right_middle_MCP_VL', 0.0022100000642240047), ('right_pinky_MC', 0.12541000545024872), ('right_ring_MCP_VL', 0.0022100000642240047), ('right_thumb_CMC_VL', 0.0024999999441206455), ('left_index_PP', 0.04741000011563301), ('left_middle_PP', 0.04741000011563301), ('left_pinky_MCP_VL', 0.0022100000642240047), ('left_ring_PP', 0.04741000011563301), ('left_thumb_MC', 0.13586999475955963), ('right_index_PP', 0.04741000011563301), ('right_middle_PP', 0.04741000011563301), ('right_pinky_MCP_VL', 0.0022100000642240047), ('right_ring_PP', 0.04741000011563301), ('right_thumb_MC', 0.13586999475955963), ('left_index_MP', 0.018239999189972878), ('left_middle_MP', 0.018239999189972878), ('left_pinky_PP', 0.04741000011563301), ('left_ring_MP', 0.018239999189972878), ('left_thumb_MCP_VL', 7.999999797903001e-05), ('right_index_MP', 0.018239999189972878), ('right_middle_MP', 0.018239999189972878), ('right_pinky_PP', 0.04741000011563301), ('right_ring_MP', 0.018239999189972878), ('right_thumb_MCP_VL', 7.999999797903001e-05), ('left_index_DP', 0.004550000187009573), ('left_middle_DP', 0.004550000187009573), ('left_pinky_MP', 0.018239999189972878), ('left_ring_DP', 0.004550000187009573), ('left_thumb_PP', 0.030780000612139702), ('right_index_DP', 0.004550000187009573), ('right_middle_DP', 0.004550000187009573), ('right_pinky_MP', 0.018239999189972878), ('right_ring_DP', 0.004550000187009573), ('right_thumb_PP', 0.030780000612139702), ('left_index_elastomer', 9.999999747378752e-05), ('left_middle_elastomer', 9.999999747378752e-05), ('left_pinky_DP', 0.004550000187009573), ('left_ring_elastomer', 9.999999747378752e-05), ('left_thumb_DP', 0.009879999794065952), ('right_index_elastomer', 9.999999747378752e-05), ('right_middle_elastomer', 9.999999747378752e-05), ('right_pinky_DP', 0.004550000187009573), ('right_ring_elastomer', 9.999999747378752e-05), ('right_thumb_DP', 0.00788000039756298), ('left_index_fingertip', 9.999999974752427e-07), ('left_middle_fingertip', 9.999999974752427e-07), ('left_pinky_elastomer', 9.999999747378752e-05), ('left_ring_fingertip', 9.999999974752427e-07), ('left_thumb_elastomer', 9.999999747378752e-05), ('right_index_fingertip', 9.999999974752427e-07), ('right_middle_fingertip', 9.999999974752427e-07), ('right_pinky_elastomer', 9.999999747378752e-05), ('right_ring_fingertip', 9.999999974752427e-07), ('right_thumb_elastomer', 9.999999747378752e-05), ('left_pinky_fingertip', 9.999999974752427e-07), ('left_thumb_fingertip', 9.999999974752427e-07), ('right_pinky_fingertip', 9.999999974752427e-07), ('right_thumb_fingertip', 9.999999974752427e-07)]
[debug] hand 总质量 141.872 kg
[reward] 手指模仿通道已关 (无 GraspPose, 参考手指不可信); 抓法由 contact/afford/lift 三项决定
[finger] 累积残差: rate ±5.7°/步 | total ±68.8° | decay 1.0
[dexmate] 躯干已在 USD 里锁死 (fixed joint), 无沉降过程
[dexmate] 相机锚定残差: 实测 ZED xy=[-0.5558000206947327, -0.0] vs 标称 [-0.4079, -0.0004] -> 参考整体补移 [-14.79, 0.04]cm  (标称过期了就改 place_camera.ZED_NOMINAL)
[ref质量] 可达帧位置误差: 中位 0.42cm 95分位 0.42cm 最大 0.43cm
[ref质量] 物体漂移帧 5 个 (位置是插值出来的): [64, 65, 82, 83, 84]
[dexmate] 抬升轨迹: 20 级 x 5cm, 末端实际升 4.7cm
[dexmate] place_mode=ref_builder (保留 ref builder 摆放, 平移 [0.0, 0.0, 0.0]) | IK 全程可达 100.0% | 抓取窗[21,51] 100.0% | 位置误差中位 0.42cm | 顶替 0 帧
[pregrasp] 表面法向已采样 (512, 3) (cent 用局部法向, 形状无关)
[collide] 臂连杆 9 个 (['vega_1p_R_arm_l1', 'R_arm_l2', 'R_arm_l3', 'R_arm_l4', 'R_arm_l5', 'vega_1p_R_arm_l6', 'R_arm_l7', 'R_arm_l8', 'R_ee']) | 需避让 16 个 (躯干/头/另一臂)
[collide] 外壳口径臂罚开启: 8 节连杆 × ≤96 表面点 (余量 1cm)
[prior] 零位校准参考数 (静态 FK: 垫->物体表面, 阈值 1.5cm): 不校准 ['1.6', '1.3', '1.2', '1.4', '1.6']cm (3 垫); 校准后 ['2.3', '0.4', '0.4', '0.6', '0.6']cm (4 垫)  ⚠仅供参考, 不作判据 (见下)
[prior] ⚠ 垫↔接触零位校准: 腕位平移 [-0.95, -0.04, 0.67]cm (|Δ|=1.17cm) —— 手模胶垫面与 Dexonomy 接触标注的系统差, 校准后最差指残差 2.02 -> 2.21cm
[prior] 模板参与指 5/5: ['thumb', 'index', 'middle', 'ring', 'pinky'] (逐指最近接触点 ['1.8', '0.9', '1.8', '1.9', '2.0']cm) | 判据随之: min_pads=4 verify_min_pads=3 cent 归一 /5
[prior] 物体按 Dexonomy 规范姿态摆放 (原点 z=0.9601, 高度 17.62cm)
[prior] 姿态交叉核验: Dexonomy canon_rot vs scene_layout 主轴夹角 0.0° ✅一致
[prior] 物体 yaw **钉死** 248° (来自 Gate 1 的 best_yaw, 与视频一致) | 该角 IK err 0.24cm
[prior] 物体 yaw 旋转 248° 使抓姿朝向机械臂 (绕竖轴旋转, 物体仍平放于桌面)
[prior] 物体听手 XY 按最终姿态重解: 平移 [0.07, 0.13]cm (|Δ|=0.15cm) —— 姿态从 builder 的 rest_q 换成 canon_rot∘yaw 后, 抓取目标区绕原点转跑了这么多
[finger_gate] 自标定基准 d_g=12.1cm (GraspPose 处腕-物体距离) | 放开 <15.1cm | 冻结 >30.2cm
[prior]   抬升斜坡: 第 4 级实际抬 9.87mm (要求 10mm) | IK 直解失败 0/20 级
[prior] GraspPose 已接入: tasks/pregrasp/priors/Pour31_bottle_thumbfix.npz
[prior]   IK grasp err 0.34cm | pregrasp err 0.34cm | pre->grasp 最大关节差 0.0°
[prior]   臂外壳离桌余量(指令位形估计): 抓握位 +1.9cm | 预抓位 +1.9cm
[retract] λ=0.00 仰角  -7.6° | IK 全通 | 外壳离桌 -0.4~1.9cm | 逐级最大下降 0.15cm  -> 不合格
[retract] λ=0.25 仰角  +6.7° | IK 全通 | 外壳离桌 1.9~4.1cm | 逐级最大下降 -0.00cm  -> ✅采用
[retract] 前缀段(腕走直线) 60 帧: IK 失败 0/60 | 臂外壳离桌 4.27~12.91cm ✅
[retract] 参考路径已建: 站姿前缀 60 帧 + 退避 32 档 = 92 帧, 终点 = GraspPose
[retract] 起点族已建: d_g=12.1cm D=18.1cm (1.5×d_g) × 32 级 | λ=0.25 仰角 +6.7°
[approach] 开: 参考 gs=21 (1.1s) | 预算 141 步 | 切换 <3.00cm & <15.0° 保持2步 | 直接抓取起步比例 0.50
[score] 接触分数图已开: 512 个表面点; 只在 verify 斜坡到顶取快照, 按力占比加权
[pregrasp] v2 稳定抓握+微抬升验证: 起点=PreGrasp(帧21) | 合拢参考 0.025/步 | 候选 ≥4垫 向心≥0.3 保持4步 | 验证升 10mm (4级) | episode ≤ 250 步

==========================================================================
cuRobo 双手规划 (joint=1 双手同时联合规划 | joint=0 先右后左) | clip=Pour31_bottle
==========================================================================
  右手(瓶) 靶点 [-25.8 -21.3  94.4] cm  物体 [-14.5 -17.4  96. ]
  左手(杯) 靶点 [-25.1   7.   99.1] cm  物体 [-16.3  -1.6  94.1]
[frame] 机器人根(实测, env 系) = [-0.5  0.   0. ] —— 喂给 cuRobo 的所有位置都减它
  障碍: 桌 + 物体 ×2 (Mesh) | 起点 = env 站姿

[plan] 起 cuRobo 子进程 (无 Isaac) ...
[worker] robot YAML 已重定位到仓库资产: /home/lyh/Project/RL_Correction/datasets/vega_urdf/vega_1p_sharpa
[worker] ★碰撞球充胖: 49 个球半径 += 0.8cm | 作用 link 过滤='arm' (16 link)
[worker] tool_frames=['right_hand_C_MC', 'left_hand_C_MC'] | 锁死 50 个躯干/头关节
Warp DeprecationWarning: The symbol `warp.torch.device_from_torch` will soon be removed from the public API. Use `warp.device_from_torch` instead.
[worker]   已关 躯干/底座/头 对世界的碰撞 (7 links)
[worker] 规划器[满障碍] 就绪 | 世界: 桌 + ['obj_primary', 'obj_secondary']
[worker] 起点 = env 站姿 (14/14 关节)
[worker] 规划器[right_hand_C_MC:grasp] 就绪 | 世界: 空

[worker] === right_hand_C_MC / pregrasp[0/10] -> [ 0.167 -0.239  0.933] ===
[worker] ✅ right_hand_C_MC/pregrasp | 81 路点 | 2.9s

[worker] === right_hand_C_MC / grasp[0/1] -> [ 0.242 -0.213  0.944] ===
[worker] ✅ right_hand_C_MC/grasp | 81 路点 | 0.5s
[worker]   已关 躯干/底座/头 对世界的碰撞 (7 links)
[worker] 规划器[left_hand_C_MC:pregrasp] 就绪 | 世界: 桌 + ['obj_secondary']

[worker] === left_hand_C_MC / pregrasp[0/10] -> [0.195 0.122 1.02 ] ===
[worker] ✅ left_hand_C_MC/pregrasp | 81 路点 | 2.0s

[worker] === left_hand_C_MC / grasp[0/1] -> [0.249 0.07  0.991] ===
[worker] ✅ left_hand_C_MC/grasp | 81 路点 | 0.5s

[worker] ===== 验收 (真实桌面 0.870m) =====
[worker] ✅ right_hand_C_MC 终点误差 位置 0.00cm 朝向 0.0°
[worker] ✅ right_hand_C_MC 腕全程最低 0.932m (余量 +6.2cm)
[worker] ✅ left_hand_C_MC 终点误差 位置 0.00cm 朝向 0.0°
[worker] ✅ left_hand_C_MC 腕全程最低 0.991m (余量 +12.1cm)
[worker] ✅✅ 验收通过
[worker] right_hand_C_MC: 行程   53.7cm | 直线   38.2cm | 绕路系数 1.40x
[worker] left_hand_C_MC: 行程   54.6cm | 直线   46.6cm | 绕路系数 1.17x

✅ 规划成功 | 合计 324 帧 | 分段 [('right_hand_C_MC|pregrasp', 81), ('right_hand_C_MC|grasp', 81), ('left_hand_C_MC|pregrasp', 81), ('left_hand_C_MC|grasp', 81)]
[map] cuRobo 的 64 个关节里, 58 个能对上仿真
[traj] right_hand_C_MC: 行程   53.7cm | 直线   38.2cm | 绕路系数 1.40x
[traj] left_hand_C_MC: 行程   54.6cm | 直线   46.6cm | 绕路系数 1.17x
[draw] 绿=右手腕轨迹+瓶靶点 | 红=左手腕轨迹+杯靶点
[isaac验收] ✅ right 手实测 [-25.9 -21.3  94.2]cm vs 预期终点 [-25.8 -21.3  94.4]cm | 差 0.17cm
[isaac验收] ✅ left 手实测 [-25.2   7.   98.9]cm vs 预期终点 [-25.1   7.   99.1]cm | 差 0.18cm
[isaac验收] ✅✅ 仿真实测双手都在靶点上
[save] 逐侧臂参考已存 -> /home/lyh/Project/RL_Correction/tasks/Pour/31/A_Design/L1_Data/Motion_Planning/curobo_stance2pregrasp_seq.npz (右 (324, 7) 左 (324, 7))
[view] headless 验证完成, 退出 (回放只在 GUI 下进行)
[view] GPU 槽位已主动释放
