[INFO][AppLauncher]: Using device: cuda:0
[INFO][AppLauncher]: Loading experience file: /home/yanghong/IsaacLab_MagicSim/apps/isaaclab.python.headless.rendering.kit
Loading user config located at: '/home/yanghong/miniconda3/envs/isaac/lib/python3.11/site-packages/isaacsim/kit/data/Kit/Isaac-Sim/5.1/user.config.json'
[Info] [carb] Logging to file: /home/yanghong/miniconda3/envs/isaac/lib/python3.11/site-packages/isaacsim/kit/logs/Kit/Isaac-Sim/5.1/kit_20260908_045115.log
2026-09-08T04:51:16Z [189ms] [Warning] [carb.windowing-glfw.plugin] GLFW initialization failed.
2026-09-08T04:51:16Z [189ms] [Warning] [carb] Failed to startup plugin carb.windowing-glfw.plugin (interfaces: [carb::windowing::IGLContext v1.0],[carb::windowing::IWindowing v1.5]) (impl: carb.windowing-glfw.plugin)
2026-09-08T04:51:16Z [249ms] [Warning] [omni.platforminfo.plugin] failed to open the default display.  Can't verify X Server version.
2026-09-08T04:51:16Z [256ms] [Warning] [carb.cudainterop.plugin] CUDA_VISIBLE_DEVICES environment variable is set.
2026-09-08T04:51:16Z [256ms] [Warning] [carb.cudainterop.plugin] Note CUDA device enumeration and Omniverse device enumeration are different.
2026-09-08T04:51:16Z [256ms] [Warning] [carb.cudainterop.plugin] Setting CUDA_VISIBLE_DEVICES can lead to undesired behavior or crashes.
2026-09-08T04:51:16Z [529ms] [Warning] [carb.windowing-glfw.plugin] GLFW initialization failed.
2026-09-08T04:51:16Z [529ms] [Warning] [carb] Failed to startup plugin carb.windowing-glfw.plugin (interfaces: [carb::windowing::IGLContext v1.0],[carb::windowing::IWindowing v1.5]) (impl: carb.windowing-glfw.plugin)
2026-09-08T04:51:16Z [862ms] [Warning] [gpu.foundation.plugin] Skipping NVIDIA GPU due CUDA being in bad state: NVIDIA GeForce RTX 2080 Ti
2026-09-08T04:51:16Z [862ms] [Warning] [gpu.foundation.plugin] Please restart your system if CUDA is known to work in your system.
2026-09-08T04:51:16Z [862ms] [Warning] [gpu.foundation.plugin] Skipping NVIDIA GPU due CUDA being in bad state: NVIDIA GeForce RTX 2080 Ti
2026-09-08T04:51:16Z [862ms] [Warning] [gpu.foundation.plugin] Please restart your system if CUDA is known to work in your system.
2026-09-08T04:51:16Z [863ms] [Warning] [gpu.foundation.plugin] Skipping NVIDIA GPU due CUDA being in bad state: NVIDIA GeForce RTX 2080 Ti
2026-09-08T04:51:16Z [863ms] [Warning] [gpu.foundation.plugin] Please restart your system if CUDA is known to work in your system.
2026-09-08T04:51:16Z [863ms] [Warning] [gpu.foundation.plugin] Skipping NVIDIA GPU due CUDA being in bad state: NVIDIA GeForce RTX 2080 Ti
2026-09-08T04:51:16Z [863ms] [Warning] [gpu.foundation.plugin] Please restart your system if CUDA is known to work in your system.
2026-09-08T04:51:16Z [863ms] [Warning] [gpu.foundation.plugin] Skipping NVIDIA GPU due CUDA being in bad state: NVIDIA GeForce RTX 2080 Ti
2026-09-08T04:51:16Z [863ms] [Warning] [gpu.foundation.plugin] Please restart your system if CUDA is known to work in your system.
2026-09-08T04:51:16Z [863ms] [Warning] [gpu.foundation.plugin] Skipping NVIDIA GPU due CUDA being in bad state: NVIDIA GeForce RTX 2080 Ti
2026-09-08T04:51:16Z [863ms] [Warning] [gpu.foundation.plugin] Please restart your system if CUDA is known to work in your system.

|---------------------------------------------------------------------------------------------|
| Driver Version: 550.127.05    | Graphics API: Vulkan
|=============================================================================================|
| GPU | Name                             | Active | LDA | GPU Memory | Vendor-ID | LUID       |
|     |                                  |        |     |            | Device-ID | UUID       |
|     |                                  |        |     |            | Bus-ID    |            |
|---------------------------------------------------------------------------------------------|
| 0   | NVIDIA GeForce RTX 2080 Ti       |        |     | 11510   MB | 10de      | 0          |
|     |                                  |        |     |            | 1e07      | 4ead8eec.. |
|     |                                  |        |     |            | 19        |            |
|---------------------------------------------------------------------------------------------|
| 1   | NVIDIA GeForce RTX 2080 Ti       | Yes: 0 |     | 11510   MB | 10de      | 0          |
|     |                                  |        |     |            | 1e07      | c5cb5d4a.. |
|     |                                  |        |     |            | 1a        |            |
|---------------------------------------------------------------------------------------------|
| 2   | NVIDIA GeForce RTX 2080 Ti       |        |     | 11510   MB | 10de      | 0          |
|     |                                  |        |     |            | 1e07      | b570f4b9.. |
|     |                                  |        |     |            | 67        |            |
|---------------------------------------------------------------------------------------------|
| 3   | NVIDIA GeForce RTX 2080 Ti       |        |     | 11510   MB | 10de      | 0          |
|     |                                  |        |     |            | 1e07      | fefd1f96.. |
|     |                                  |        |     |            | 68        |            |
|=============================================================================================|
| OS: 22.04.5 LTS (Jammy Jellyfish) ubuntu, Version: 22.04.5, Kernel: 5.15.0-126-generic
| Processor: Intel(R) Core(TM) i9-9920X CPU @ 3.50GHz
| Cores: 12 | Logical Cores: 24
|---------------------------------------------------------------------------------------------|
| Total Memory (MB): 128483 | Free Memory: 120549
| Total Page/Swap (MB): 8191 | Free Page/Swap: 8191
|---------------------------------------------------------------------------------------------|
2026-09-08T04:51:17Z [1,342ms] [Warning] [gpu.foundation.plugin] CPU performance profile is set to powersave. This profile sets the CPU to the lowest frequency reducing performance.
2026-09-08T04:51:18Z [2,264ms] [Warning] [carb.windowing-glfw.plugin] GLFW initialization failed.
2026-09-08T04:51:18Z [2,264ms] [Warning] [carb] Failed to startup plugin carb.windowing-glfw.plugin (interfaces: [carb::windowing::IGLContext v1.0],[carb::windowing::IWindowing v1.5]) (impl: carb.windowing-glfw.plugin)
2026-09-08T04:51:18Z [2,275ms] [Warning] [carb.windowing-glfw.plugin] GLFW initialization failed.
2026-09-08T04:51:18Z [2,275ms] [Warning] [carb] Failed to startup plugin carb.windowing-glfw.plugin (interfaces: [carb::windowing::IGLContext v1.0],[carb::windowing::IWindowing v1.5]) (impl: carb.windowing-glfw.plugin)
2026-09-08T04:51:18Z [2,281ms] [Warning] [carb.windowing-glfw.plugin] GLFW initialization failed.
2026-09-08T04:51:18Z [2,281ms] [Warning] [carb] Failed to startup plugin carb.windowing-glfw.plugin (interfaces: [carb::windowing::IGLContext v1.0],[carb::windowing::IWindowing v1.5]) (impl: carb.windowing-glfw.plugin)
2026-09-08T04:51:18Z [2,289ms] [Warning] [carb.windowing-glfw.plugin] GLFW initialization failed.
2026-09-08T04:51:18Z [2,289ms] [Warning] [carb] Failed to startup plugin carb.windowing-glfw.plugin (interfaces: [carb::windowing::IGLContext v1.0],[carb::windowing::IWindowing v1.5]) (impl: carb.windowing-glfw.plugin)
2026-09-08T04:51:18Z [2,290ms] [Warning] [carb.windowing-glfw.plugin] GLFW initialization failed.
2026-09-08T04:51:18Z [2,290ms] [Warning] [carb] Failed to startup plugin carb.windowing-glfw.plugin (interfaces: [carb::windowing::IGLContext v1.0],[carb::windowing::IWindowing v1.5]) (impl: carb.windowing-glfw.plugin)
2026-09-08T04:51:18Z [2,291ms] [Warning] [carb.windowing-glfw.plugin] GLFW initialization failed.
2026-09-08T04:51:18Z [2,291ms] [Warning] [carb] Failed to startup plugin carb.windowing-glfw.plugin (interfaces: [carb::windowing::IGLContext v1.0],[carb::windowing::IWindowing v1.5]) (impl: carb.windowing-glfw.plugin)
2026-09-08T04:51:18Z [2,574ms] [Warning] [omni.log] Source: omni.hydra was already registered.
2026-09-08T04:51:18Z [3,126ms] [Warning] [carb] Acquiring non optional plugin interface which is not listed as dependency: [omni::physx::IPhysxBenchmarks v1.0] (plugin: <default plugin>), by client: omni.physics.physx.plugin. Add it to CARB_PLUGIN_IMPL_DEPS() macro of a client.
2026-09-08T04:51:19Z [3,169ms] [Warning] [omni.isaac.dynamic_control] omni.isaac.dynamic_control is deprecated as of Isaac Sim 4.5. No action is needed from end-users.
2026-09-08T04:51:21Z [5,521ms] [Warning] [pxr.Semantics] pxr.Semantics is deprecated - please use Semantics instead
2026-09-08T04:51:21Z [5,856ms] [Warning] [omni.graph.core.plugin] Found duplicate of category 'Replicator' - was 'Annotators', adding 'Fabric Reader'
2026-09-08T04:51:21Z [5,856ms] [Warning] [omni.graph.core.plugin] Category 'Replicator' not accepted on node type 'omni.replicator.core.FabricReader' in extension 'omni.replicator.core'
2026-09-08T04:51:21Z [5,856ms] [Warning] [omni.replicator.core.scripts.extension] No material configuration file, adding configuration to material settings directly.
2026-09-08T04:51:23Z [8,033ms] [Warning] [omni.kvdb.plugin] Disabling key-value database because another kit process is locking it
2026-09-08T04:51:26Z [11,147ms] [Warning] [omni.fabric.plugin] Warning: attribute viewportHandle not found for bucket id 7

Gym has been unmaintained since 2022 and does not support NumPy 2.0 amongst other critical functionality.
Please upgrade to Gymnasium, the maintained drop-in replacement of Gym, or contact the authors of your software and request that they upgrade.
Users of this version of Gym should be able to simply replace 'import gym' with 'import gymnasium as gym' in the vast majority of cases.
See the migration guide at https://gymnasium.farama.org/introduction/migration_guide/ for additional information.
[world] ✅ 与 world.json 匹配: 物理={'POUR_OBJ_MASS': '0.3', 'POUR_OBJ_FRIC': '1.0', 'POUR_PAD_FRIC': '1.0'} release_row_start=50
[clips] 交互手=left: 接触传感器已重建 (['left_thumb_elastomer', 'left_index_elastomer', 'left_middle_elastomer', 'left_ring_elastomer', 'left_pinky_elastomer'])
[aux] 第二物体 object_1(sponge / dishcloth (7.6x3.8x13.2cm, scrub face = input -y)): 相对主体偏移 [-0.6, -4.0, 2.9]cm (来自 scene_layout)
[aux]   (诊断) layout 内两物体偏航差 179.2° —— **不**用它做任何补偿: 摆放是纯平移, 且旋转体的 yaw 是任意值
2026-09-08T04:51:28Z [12,662ms] [Warning] [isaaclab.envs.direct_rl_env] Seed not set for the environment. The environment creation may not be deterministic.

[36m====================================================================================================[0m
[36m[1m[INFO][IsaacLab]: Logging to file: /home/yanghong/tmp/isaaclab/logs/isaaclab_2026-09-08_04-51-28.log[0m
[36m====================================================================================================[0m

[33m04:51:28 [simulation_context.py] WARNING: The `enable_external_forces_every_iteration` parameter in the PhysxCfg is set to False. If you are experiencing noisy velocities, consider enabling this flag. You may need to slightly increase the number of velocity iterations (setting it to 1 or 2 rather than 0), together with this flag, to improve the accuracy of velocity updates.[0m
[INFO]: Base environment:
	Environment device    : cuda:0
	Environment seed      : None
	Physics step-size     : 0.004166666666666667
	Rendering step-size   : 0.008333333333333333
	Environment step-size : 0.05
[33m04:51:28 [direct_rl_env.py] WARNING: The render interval (2) is smaller than the decimation (12). Multiple render calls will happen for each environment step.If this is not intended, set the render interval to be equal to the decimation.[0m
[33m04:51:28 [prims.py] WARNING: Could not perform 'modify_rigid_body_properties' on any prims under: '/World/envs/env_0/Object'. This might be because of the following reasons:
	(1) The desired attribute does not exist on any of the prims.
	(2) The desired attribute exists on an instanced prim.
		Discovered list of instanced prim paths: [][0m
[33m04:51:28 [prims.py] WARNING: Could not perform 'modify_collision_properties' on any prims under: '/World/envs/env_0/Object'. This might be because of the following reasons:
	(1) The desired attribute does not exist on any of the prims.
	(2) The desired attribute exists on an instanced prim.
		Discovered list of instanced prim paths: [][0m
[33m04:51:28 [prims.py] WARNING: Could not perform 'modify_mass_properties' on any prims under: '/World/envs/env_0/Object'. This might be because of the following reasons:
	(1) The desired attribute does not exist on any of the prims.
	(2) The desired attribute exists on an instanced prim.
		Discovered list of instanced prim paths: [][0m
[setup] object 刚体化: 1 mesh, mass=0.3kg
[33m04:51:29 [interactive_scene.py] WARNING: Collision filtering can only be automatically enabled when replicate_physics=True and using GPU simulation. Please call scene.filter_collisions(global_prim_paths) to filter collisions across environments.[0m
[setup] 物体材质=/World/Materials/SuperGrip×4 指尖SuperGrip×40 手身LowGrip×4
[aux] 自由第二物体就绪: sponge / dishcloth (7.6x3.8x13.2cm, scrub face = input -y) mass=0.05kg friction=1.0 (无约束/不豁免碰撞)
[HoldProbe] plate convex decomposition: maxConvexHulls=128 shrinkWrap ×4 mesh
[INFO]: Time taken for scene creation : 1.233164 seconds
[INFO]: Scene manager:  <class InteractiveScene>
	Number of environments: 4
	Environment spacing   : 2.0
	Source prim name      : /World/envs/env_0
	Global prim paths     : []
	Replicate physics     : False
[INFO]: Starting the simulation. This may take a few seconds. Please wait...
[INFO]: Time taken for simulation start : 1.759901 seconds
[INFO]: Completed setting up the environment...
[phys] 难度覆写 物体: 质量=0.300kg 摩擦=1.00/1.00
[phys] 指垫摩擦覆写 = 1.0
[dexmate] 交互侧=left | 臂 ['L_arm_j1', 'L_arm_j2', 'L_arm_j3', 'L_arm_j4', 'L_arm_j5', 'L_arm_j6', 'L_arm_j7'] | 手 22 关节 | 末端 body=left_hand_C_MC
[smooth] 剔除漂移帧 []   物体位置最大修正 3.67 cm
[fp-dbg] sxy=[ 0.0511 -0.124 ] palm=[-0.2983  0.069 ] a_off=[0.     0.0002 0.001 ] dz=0.0000 obj_z=0.8833 rest_q=[ 0.7037  0.7105 -0.0009  0.    ]
[replay_grasp] L=400 PreGrasp帧 gs=1(src 0) 合拢至 ge=31 | 相机锚定 + 物体听手 (质心对准交互帧抓取锚点) 物体原点 xy=(-0.247,-0.055) z=0.883 | 腕 path 平移 xy=13.4cm z=+0.00cm
[debug] hand bodies: [('vega_1p_mobile', 1.0), ('dummy_base_x', 9.999999747378752e-05), ('dummy_base_y', 9.999999747378752e-05), ('vega_1p_base', 88.43486785888672), ('B_base_cam', 0.0030900000128895044), ('F_base_cam', 0.0030900000128895044), ('L_base_cam', 0.0030900000128895044), ('R_base_cam', 0.0030900000128895044), ('vega_1p_back_lidar', 0.004230000078678131), ('vega_1p_front_lidar', 0.1509999930858612), ('vega_1p_torso_l1', 8.832340240478516), ('vega_1p_torso_l2', 14.589259147644043), ('vega_1p_torso_l3', 5.328859806060791), ('arm_center', 1.0), ('vega_1p_L_arm_l1', 1.4135099649429321), ('vega_1p_R_arm_l1', 1.4240100383758545), ('vega_1p_head_l1', 0.43780001997947693), ('L_arm_l2', 1.405940055847168), ('R_arm_l2', 1.4059499502182007), ('vega_1p_head_l2', 0.6077200174331665), ('L_arm_l3', 1.1609400510787964), ('R_arm_l3', 1.1607999801635742), ('vega_1p_head_l3', 0.6327800154685974), ('L_arm_l4', 0.9320400357246399), ('R_arm_l4', 0.9320400357246399), ('zed_left_camera', 1.0), ('zed_depth_frame', 1.0), ('zed_right_camera', 1.0), ('L_arm_l5', 0.6458200216293335), ('R_arm_l5', 0.6458200216293335), ('vega_1p_L_arm_l6', 0.5541999936103821), ('vega_1p_R_arm_l6', 0.5537199974060059), ('L_arm_l7', 0.35802000761032104), ('R_arm_l7', 0.35802000761032104), ('L_arm_l8', 0.2006399929523468), ('R_arm_l8', 0.2006399929523468), ('L_ee', 1.0), ('left_hand_C_MC', 0.650600016117096), ('R_ee', 1.0), ('right_hand_C_MC', 0.650600016117096), ('left_index_MCP_VL', 0.0022100000642240047), ('left_middle_MCP_VL', 0.0022100000642240047), ('left_pinky_MC', 0.12541000545024872), ('left_ring_MCP_VL', 0.0022100000642240047), ('left_thumb_CMC_VL', 0.0024999999441206455), ('right_index_MCP_VL', 0.0022100000642240047), ('right_middle_MCP_VL', 0.0022100000642240047), ('right_pinky_MC', 0.12541000545024872), ('right_ring_MCP_VL', 0.0022100000642240047), ('right_thumb_CMC_VL', 0.0024999999441206455), ('left_index_PP', 0.04741000011563301), ('left_middle_PP', 0.04741000011563301), ('left_pinky_MCP_VL', 0.0022100000642240047), ('left_ring_PP', 0.04741000011563301), ('left_thumb_MC', 0.13586999475955963), ('right_index_PP', 0.04741000011563301), ('right_middle_PP', 0.04741000011563301), ('right_pinky_MCP_VL', 0.0022100000642240047), ('right_ring_PP', 0.04741000011563301), ('right_thumb_MC', 0.13586999475955963), ('left_index_MP', 0.018239999189972878), ('left_middle_MP', 0.018239999189972878), ('left_pinky_PP', 0.04741000011563301), ('left_ring_MP', 0.018239999189972878), ('left_thumb_MCP_VL', 7.999999797903001e-05), ('right_index_MP', 0.018239999189972878), ('right_middle_MP', 0.018239999189972878), ('right_pinky_PP', 0.04741000011563301), ('right_ring_MP', 0.018239999189972878), ('right_thumb_MCP_VL', 7.999999797903001e-05), ('left_index_DP', 0.004550000187009573), ('left_middle_DP', 0.004550000187009573), ('left_pinky_MP', 0.018239999189972878), ('left_ring_DP', 0.004550000187009573), ('left_thumb_PP', 0.030780000612139702), ('right_index_DP', 0.004550000187009573), ('right_middle_DP', 0.004550000187009573), ('right_pinky_MP', 0.018239999189972878), ('right_ring_DP', 0.004550000187009573), ('right_thumb_PP', 0.030780000612139702), ('left_index_elastomer', 9.999999747378752e-05), ('left_middle_elastomer', 9.999999747378752e-05), ('left_pinky_DP', 0.004550000187009573), ('left_ring_elastomer', 9.999999747378752e-05), ('left_thumb_DP', 0.009879999794065952), ('right_index_elastomer', 9.999999747378752e-05), ('right_middle_elastomer', 9.999999747378752e-05), ('right_pinky_DP', 0.004550000187009573), ('right_ring_elastomer', 9.999999747378752e-05), ('right_thumb_DP', 0.00788000039756298), ('left_index_fingertip', 9.999999974752427e-07), ('left_middle_fingertip', 9.999999974752427e-07), ('left_pinky_elastomer', 9.999999747378752e-05), ('left_ring_fingertip', 9.999999974752427e-07), ('left_thumb_elastomer', 9.999999747378752e-05), ('right_index_fingertip', 9.999999974752427e-07), ('right_middle_fingertip', 9.999999974752427e-07), ('right_pinky_elastomer', 9.999999747378752e-05), ('right_ring_fingertip', 9.999999974752427e-07), ('right_thumb_elastomer', 9.999999747378752e-05), ('left_pinky_fingertip', 9.999999974752427e-07), ('left_thumb_fingertip', 9.999999974752427e-07), ('right_pinky_fingertip', 9.999999974752427e-07), ('right_thumb_fingertip', 9.999999974752427e-07)]
[debug] hand 总质量 141.872 kg
[reward] 手指模仿通道已关 (无 GraspPose, 参考手指不可信); 抓法由 contact/afford/lift 三项决定
[finger] 累积残差: rate ±5.7°/步 | total ±68.8° | decay 1.0
[dexmate] 躯干已在 USD 里锁死 (fixed joint), 无沉降过程
[dexmate] 相机锚定残差: 实测 ZED xy=[-0.5558000206947327, -0.0] vs 标称 [-0.4079, -0.0004] -> 参考整体补移 [-14.79, 0.04]cm  (标称过期了就改 place_camera.ZED_NOMINAL)
[ref质量] 可达帧位置误差: 中位 0.20cm 95分位 0.20cm 最大 0.20cm
[dexmate] 抬升轨迹: 20 级 x 5cm, 末端实际升 4.6cm
[dexmate] place_mode=ref_builder (保留 ref builder 摆放, 平移 [0.0, 0.0, 0.0]) | IK 全程可达 100.0% | 抓取窗[1,31] 100.0% | 位置误差中位 0.20cm | 顶替 0 帧
[pregrasp] 表面法向已采样 (512, 3) (cent 用局部法向, 形状无关)
[collide] 臂连杆 9 个 (['vega_1p_L_arm_l1', 'L_arm_l2', 'L_arm_l3', 'L_arm_l4', 'L_arm_l5', 'vega_1p_L_arm_l6', 'L_arm_l7', 'L_arm_l8', 'L_ee']) | 需避让 16 个 (躯干/头/另一臂)
[collide] 外壳口径臂罚开启: 8 节连杆 × ≤96 表面点 (余量 1cm)
[prior] 零位校准参考数 (静态 FK: 垫->物体表面, 阈值 1.5cm): 不校准 ['2.4', '2.1', '2.5', '1.7', '2.9']cm (0 垫); 校准后 ['3.3', '1.2', '1.3', '0.9', '2.2']cm (3 垫)  ⚠仅供参考, 不作判据 (见下)
[prior] 模板参与指 5/5: ['thumb', 'index', 'middle', 'ring', 'pinky'] (逐指最近接触点 ['2.9', '2.1', '2.5', '2.2', '2.1']cm) | 判据随之: min_pads=4 verify_min_pads=3 cent 归一 /5
[prior] fixed_attached_tools: 保留任务给定的重建物体首帧位姿
[prior] 物体 yaw **钉死** 0° (来自 Gate 1 的 best_yaw, 与视频一致) | 该角 IK err 0.12cm
[finger_gate] 自标定基准 d_g=16.6cm (GraspPose 处腕-物体距离) | 放开 <20.7cm | 冻结 >41.5cm
[prior]   抬升斜坡: 第 4 级实际抬 9.84mm (要求 10mm) | IK 直解失败 0/20 级
[prior] GraspPose 已接入: /home/yanghong/RL_Correction/tasks/pregrasp/priors/Clean3_plate_left.npz
[prior]   IK grasp err 0.12cm | pregrasp err 0.20cm | pre->grasp 最大关节差 0.0°
[prior]   臂外壳离桌余量(指令位形估计): 抓握位 +5.5cm | 预抓位 +5.5cm
[approach] 开: 参考 gs=1 (0.1s) | 预算 121 步 | 切换 <3.00cm & <15.0° 保持2步 | 直接抓取起步比例 0.50
[score] 接触分数图已开: 512 个表面点; 只在 verify 斜坡到顶取快照, 按力占比加权
[pregrasp] v2 稳定抓握+微抬升验证: 起点=PreGrasp(帧1) | 合拢参考 0.025/步 | 候选 ≥4垫 向心≥0.3 保持4步 | 验证升 10mm (4级) | episode ≤ 153 步
[HoldProbe] rows=424 dt=0.00417 n_sub=12 prof_r=[0.2, 0.7, 1.3, 1.8, 2.3, 2.7, 3.2, 3.8, 4.3, 4.7, 5.2, 5.8, 6.2, 6.8, 7.2, 7.8, 8.3, 8.7] face_off=1.93cm
[CleanHoldEnv] squeeze 剂量覆写 right_pinky_CMC: β=0.0
[CleanHoldEnv] squeeze 剂量覆写 right_pinky_MCP_AA: β=0.0
[CleanHoldEnv] grasp 姿相邻指尖 侧向间距(cm)={'left': [2.2899999618530273, 2.049999952316284, 3.8399999141693115], 'right': [2.119999885559082, 3.3499999046325684, 1.690000057220459]} 3D距离(cm)={'left': [2.299999952316284, 2.2300000190734863, 4.199999809265137], 'right': [2.380000114440918, 3.369999885559082, 2.109999895095825]} (罚阈 1.0/1.5cm)
[CleanHoldEnv] N=4 obs=367 act=58 T_EP=110 release=50 sag(deg)=[0.10000000149011612, 0.019999999552965164, 0.11999999731779099, -0.20000000298023224, 0.4300000071525574, 0.05000000074505806, -1.059999942779541, -0.10000000149011612, 0.019999999552965164, -0.09000000357627869, 0.009999999776482582, 0.17000000178813934, -0.3199999928474426, -0.7400000095367432]
[U14纹理] 盘: /World/envs/env_0/Object 绑程序图案
[U14纹理] 海绵: /World/envs/env_0/Aux 绑程序图案
[U14纹理] 共 2 个 mesh 上妆
[v3net] separate critic ON (priv 22 raw -> critic; actor embeds first 8)
RunningMeanStd:  (367,)
RunningMeanStd:  (1,)
[record_clean] ckpt=/home/yanghong/RL_Correction/logs/Clean3_hold_s42/stage1_nn/last.pth N=4 release_row_cur=35 jitter=4 T_EP=110 cert=1.0cm/5°
[record_clean] 相机 front: eye=[0.001, -1.415, 1.628] → [0.8510000109672546, -0.9649999737739563, 1.027999997138977] focal=24.0
[record_clean] 相机 side: eye=[1.601, -1.915, 1.528] → [0.8510000109672546, -0.9649999737739563, 1.027999997138977] focal=24.0
[record_clean] 相机 top: eye=[0.551, -1.565, 1.928] → [0.8510000109672546, -0.9649999737739563, 1.027999997138977] focal=24.0
2026-09-08T04:51:46Z [30,488ms] [Warning] [omni.fabric.plugin] Warning: attribute primvars:st:indices not found for path /World/envs/env_2/Object/mesh

2026-09-08T04:51:49Z [33,267ms] [Warning] [omni.syntheticdata.plugin] OgnSdPostRenderVarToHost : rendervar copy from texture directly to host buffer is counter-performant. Please use copy from texture to device buffer first.
2026-09-08T04:52:07Z [51,770ms] [Warning] [carb] Client gpu.foundation.plugin has acquired [gpu::unstable::IMemoryBudgetManagerFactory v0.1] 100 times. Consider accessing this interface with carb::getCachedInterface() (Performance warning)
[record] /home/yanghong/RL_Correction/logs/Clean3_hold_s42/videos/last_r35 | 帧=110x3机位 | 逐步行=440 | success=1.00 cert=1.00 drop=0.00 return=21.55 cross_frac=0.52 | done_at=[109, 109, 109, 109]
[record]  env0: len=110 rel=31 ret=21.6 {'r_contact': 28.573333654552698, 'r_hold': -23.911716416478157, 'r_bonus': 25.0, 'r_act': -0.001200275784412952, 'r_cross': -8.095097167417407} succ=1 cert@41 drop@None sponge_drop=0 rel_mean={'dp_plate_cm': 0.5394454591825039, 'dr_plate_deg': 2.779484969151171, 'dp_sponge_cm': 0.2915944171762919, 'dr_sponge_deg': 3.1189142405232295, 'within': 1.0} cross=0.53 gapmin R=[1.75, 2.0, 1.74] d3min R=[2.01, 2.13, 2.16]
[record]  env1: len=110 rel=33 ret=20.9 {'r_contact': 28.613333497196436, 'r_hold': -24.717417150735855, 'r_bonus': 25.0, 'r_act': -0.0011897096032953414, 'r_cross': -7.955716571770608} succ=1 cert@43 drop@None sponge_drop=0 rel_mean={'dp_plate_cm': 0.5886866653507407, 'dr_plate_deg': 2.9551819392613004, 'dp_sponge_cm': 0.26357013151630176, 'dr_sponge_deg': 3.2036418667087307, 'within': 1.0} cross=0.51 gapmin R=[1.8, 2.0, 1.75] d3min R=[2.08, 2.13, 2.16]
[record]  env2: len=110 rel=33 ret=21.4 {'r_contact': 29.01333372667432, 'r_hold': -24.630983620882034, 'r_bonus': 25.0, 'r_act': -0.0011876172252414108, 'r_cross': -7.965147789567709} succ=1 cert@43 drop@None sponge_drop=0 rel_mean={'dp_plate_cm': 0.5733010898549835, 'dr_plate_deg': 2.7820186305355716, 'dp_sponge_cm': 0.2951091184921853, 'dr_sponge_deg': 3.273587921223083, 'within': 1.0} cross=0.51 gapmin R=[1.82, 1.99, 1.75] d3min R=[2.08, 2.14, 2.16]
[record]  env3: len=110 rel=32 ret=22.3 {'r_contact': 29.233333442360163, 'r_hold': -23.983772099018097, 'r_bonus': 25.0, 'r_act': -0.0011862877522617055, 'r_cross': -7.964134794659913} succ=1 cert@42 drop@None sponge_drop=0 rel_mean={'dp_plate_cm': 0.5642932995389669, 'dr_plate_deg': 3.0351320138344398, 'dp_sponge_cm': 0.24629093343630815, 'dr_sponge_deg': 3.061631387624985, 'within': 1.0} cross=0.52 gapmin R=[1.81, 1.99, 1.75] d3min R=[2.07, 2.13, 2.16]
